Component: ARM Compiler 5.06 update 7 (build 960) Tool: armlink [4d3601]

==============================================================================

Section Cross References

    startup_stm32f103xe.o(RESET) refers to startup_stm32f103xe.o(STACK) for __initial_sp
    startup_stm32f103xe.o(RESET) refers to startup_stm32f103xe.o(.text) for Reset_Handler
    startup_stm32f103xe.o(RESET) refers to stm32f1xx_it.o(i.NMI_Handler) for NMI_Handler
    startup_stm32f103xe.o(RESET) refers to stm32f1xx_it.o(i.HardFault_Handler) for HardFault_Handler
    startup_stm32f103xe.o(RESET) refers to stm32f1xx_it.o(i.MemManage_Handler) for MemManage_Handler
    startup_stm32f103xe.o(RESET) refers to stm32f1xx_it.o(i.BusFault_Handler) for BusFault_Handler
    startup_stm32f103xe.o(RESET) refers to stm32f1xx_it.o(i.UsageFault_Handler) for UsageFault_Handler
    startup_stm32f103xe.o(RESET) refers to port.o(.emb_text) for SVC_Handler
    startup_stm32f103xe.o(RESET) refers to stm32f1xx_it.o(i.DebugMon_Handler) for DebugMon_Handler
    startup_stm32f103xe.o(RESET) refers to cmsis_os2.o(i.SysTick_Handler) for SysTick_Handler
    startup_stm32f103xe.o(RESET) refers to stm32f1xx_it.o(i.RCC_IRQHandler) for RCC_IRQHandler
    startup_stm32f103xe.o(RESET) refers to stm32f1xx_it.o(i.EXTI0_IRQHandler) for EXTI0_IRQHandler
    startup_stm32f103xe.o(RESET) refers to stm32f1xx_it.o(i.EXTI1_IRQHandler) for EXTI1_IRQHandler
    startup_stm32f103xe.o(RESET) refers to stm32f1xx_it.o(i.EXTI2_IRQHandler) for EXTI2_IRQHandler
    startup_stm32f103xe.o(RESET) refers to stm32f1xx_it.o(i.EXTI3_IRQHandler) for EXTI3_IRQHandler
    startup_stm32f103xe.o(RESET) refers to stm32f1xx_it.o(i.TIM8_UP_IRQHandler) for TIM8_UP_IRQHandler
    startup_stm32f103xe.o(.text) refers to system_stm32f1xx.o(i.SystemInit) for SystemInit
    startup_stm32f103xe.o(.text) refers to entry.o(.ARM.Collect$$$$00000000) for __main
    tft_lcd.o(i.LCD_ClearScreen) refers to tft_lcd.o(i.TFT_Clear) for TFT_Clear
    tft_lcd.o(i.LCD_ShowAdminMode) refers to tft_lcd.o(i.TFT_Clear) for TFT_Clear
    tft_lcd.o(i.LCD_ShowAdminMode) refers to tft_lcd.o(i.LCD_ShowHeader) for LCD_ShowHeader
    tft_lcd.o(i.LCD_ShowAdminMode) refers to tft_lcd.o(i.TFT_Show_Str) for TFT_Show_Str
    tft_lcd.o(i.LCD_ShowCenteredText) refers to strlen.o(.text) for strlen
    tft_lcd.o(i.LCD_ShowCenteredText) refers to tft_lcd.o(i.TFT_Show_Str) for TFT_Show_Str
    tft_lcd.o(i.LCD_ShowChange) refers to tft_lcd.o(i.TFT_Clear) for TFT_Clear
    tft_lcd.o(i.LCD_ShowChange) refers to tft_lcd.o(i.LCD_ShowHeader) for LCD_ShowHeader
    tft_lcd.o(i.LCD_ShowChange) refers to tft_lcd.o(i.LCD_ShowCenteredText) for LCD_ShowCenteredText
    tft_lcd.o(i.LCD_ShowHeader) refers to tft_lcd.o(i.LCD_ShowCenteredText) for LCD_ShowCenteredText
    tft_lcd.o(i.LCD_ShowHeader) refers to tft_lcd.o(i.TFT_Draw_Line) for TFT_Draw_Line
    tft_lcd.o(i.LCD_ShowMainInterface) refers to tft_lcd.o(i.LCD_ShowHeader) for LCD_ShowHeader
    tft_lcd.o(i.LCD_ShowMainInterface) refers to tft_lcd.o(i.LCD_ShowCenteredText) for LCD_ShowCenteredText
    tft_lcd.o(i.LCD_ShowMainInterface) refers to tft_lcd.o(i.TFT_Show_Str) for TFT_Show_Str
    tft_lcd.o(i.LCD_ShowPasswordChangeResult) refers to tft_lcd.o(i.TFT_Clear) for TFT_Clear
    tft_lcd.o(i.LCD_ShowPasswordChangeResult) refers to tft_lcd.o(i.LCD_ShowHeader) for LCD_ShowHeader
    tft_lcd.o(i.LCD_ShowPasswordChangeResult) refers to tft_lcd.o(i.LCD_ShowCenteredText) for LCD_ShowCenteredText
    tft_lcd.o(i.LCD_ShowPasswordError) refers to tft_lcd.o(i.TFT_Clear) for TFT_Clear
    tft_lcd.o(i.LCD_ShowPasswordError) refers to tft_lcd.o(i.LCD_ShowHeader) for LCD_ShowHeader
    tft_lcd.o(i.LCD_ShowPasswordError) refers to tft_lcd.o(i.LCD_ShowCenteredText) for LCD_ShowCenteredText
    tft_lcd.o(i.LCD_ShowPasswordError) refers to tft_lcd.o(i.TFT_Show_Str) for TFT_Show_Str
    tft_lcd.o(i.LCD_ShowPasswordError) refers to printf6.o(i.__0snprintf$6) for __2snprintf
    tft_lcd.o(i.LCD_ShowPasswordError) refers to app_global.o(.data) for g_ErrorCount
    tft_lcd.o(i.LCD_ShowPasswordInput) refers to tft_lcd.o(i.LCD_ShowHeader) for LCD_ShowHeader
    tft_lcd.o(i.LCD_ShowPasswordInput) refers to tft_lcd.o(i.TFT_Show_Str) for TFT_Show_Str
    tft_lcd.o(i.LCD_ShowPasswordInput) refers to printf6.o(i.__0snprintf$6) for __2snprintf
    tft_lcd.o(i.LCD_ShowPasswordmanage) refers to tft_lcd.o(i.LCD_ShowHeader) for LCD_ShowHeader
    tft_lcd.o(i.LCD_ShowPasswordmanage) refers to tft_lcd.o(i.TFT_Show_Str) for TFT_Show_Str
    tft_lcd.o(i.LCD_ShowPasswordmanage) refers to printf6.o(i.__0snprintf$6) for __2snprintf
    tft_lcd.o(i.LCD_ShowSleepMode) refers to tft_lcd.o(i.TFT_Clear) for TFT_Clear
    tft_lcd.o(i.LCD_ShowSleepMode) refers to tft_lcd.o(i.LCD_ShowHeader) for LCD_ShowHeader
    tft_lcd.o(i.LCD_ShowSleepMode) refers to tft_lcd.o(i.LCD_ShowCenteredText) for LCD_ShowCenteredText
    tft_lcd.o(i.LCD_ShowSleepMode) refers to tft_lcd.o(i.TFT_Show_Str) for TFT_Show_Str
[...]
    i.xTaskCreateStatic                      0x0800554a   Section        0  tasks.o(i.xTaskCreateStatic)
    i.xTaskGetCurrentTaskHandle              0x080055a0   Section        0  tasks.o(i.xTaskGetCurrentTaskHandle)
    i.xTaskGetSchedulerState                 0x080055ac   Section        0  tasks.o(i.xTaskGetSchedulerState)
    i.xTaskGetTickCount                      0x080055c8   Section        0  tasks.o(i.xTaskGetTickCount)
    i.xTaskGetTickCountFromISR               0x080055d4   Section        0  tasks.o(i.xTaskGetTickCountFromISR)
    i.xTaskIncrementTick                     0x080055e4   Section        0  tasks.o(i.xTaskIncrementTick)
    i.xTaskPriorityDisinherit                0x080056ac   Section        0  tasks.o(i.xTaskPriorityDisinherit)
    i.xTaskPriorityInherit                   0x0800572c   Section        0  tasks.o(i.xTaskPriorityInherit)
    i.xTaskRemoveFromEventList               0x080057a4   Section        0  tasks.o(i.xTaskRemoveFromEventList)
    i.xTaskResumeAll                         0x08005814   Section        0  tasks.o(i.xTaskResumeAll)
    i.xTimerCreate                           0x080058d8   Section        0  timers.o(i.xTimerCreate)
    i.xTimerCreateStatic                     0x0800590c   Section        0  timers.o(i.xTimerCreateStatic)
    i.xTimerCreateTimerTask                  0x0800593c   Section        0  timers.o(i.xTimerCreateTimerTask)
    i.xTimerGenericCommand                   0x0800599c   Section        0  timers.o(i.xTimerGenericCommand)
    .constdata                               0x08005a04   Section      760  tft_lcd.o(.constdata)
    .constdata                               0x08005cfc   Section       16  me.o(.constdata)
    .constdata                               0x08005d0c   Section      452  freertos.o(.constdata)
    .constdata                               0x08005ed0   Section       18  stm32f1xx_hal_rcc.o(.constdata)
    aPredivFactorTable                       0x08005ed0   Data           2  stm32f1xx_hal_rcc.o(.constdata)
    aPLLMULFactorTable                       0x08005ed2   Data          16  stm32f1xx_hal_rcc.o(.constdata)
    .constdata                               0x08005ee2   Section       18  stm32f1xx_hal_rcc_ex.o(.constdata)
    aPredivFactorTable                       0x08005ee2   Data           2  stm32f1xx_hal_rcc_ex.o(.constdata)
    aPLLMULFactorTable                       0x08005ee4   Data          16  stm32f1xx_hal_rcc_ex.o(.constdata)
    .constdata                               0x08005ef4   Section       16  system_stm32f1xx.o(.constdata)
    .constdata                               0x08005f04   Section        8  system_stm32f1xx.o(.constdata)
    .conststring                             0x08005f0c   Section      144  freertos.o(.conststring)
    .data                                    0x20000000   Section        1  tft_lcd.o(.data)
    tft_direction                            0x20000000   Data           1  tft_lcd.o(.data)
    .data                                    0x20000004   Section       72  freertos.o(.data)
    g_LastMsg                                0x20000004   Data           1  freertos.o(.data)
    .data                                    0x2000004c   Section        8  stm32f1xx_it.o(.data)
    .data                                    0x20000054   Section       12  stm32f1xx_hal.o(.data)
    .data                                    0x20000060   Section        4  system_stm32f1xx.o(.data)
    .data                                    0x20000064   Section       60  tasks.o(.data)
    uxDeletedTasksWaitingCleanUp             0x20000068   Data           4  tasks.o(.data)
    uxCurrentNumberOfTasks                   0x2000006c   Data           4  tasks.o(.data)
    xTickCount                               0x20000070   Data           4  tasks.o(.data)
    uxTopReadyPriority                       0x20000074   Data           4  tasks.o(.data)
    xSchedulerRunning                        0x20000078   Data           4  tasks.o(.data)
    xPendedTicks                             0x2000007c   Data           4  tasks.o(.data)
    xYieldPending                            0x20000080   Data           4  tasks.o(.data)
    xNumOfOverflows                          0x20000084   Data           4  tasks.o(.data)
    uxTaskNumber                             0x20000088   Data           4  tasks.o(.data)
    xNextTaskUnblockTime                     0x2000008c   Data           4  tasks.o(.data)
    xIdleTaskHandle                          0x20000090   Data           4  tasks.o(.data)
    uxSchedulerSuspended                     0x20000094   Data           4  tasks.o(.data)
    pxDelayedTaskList                        0x20000098   Data           4  tasks.o(.data)
    pxOverflowDelayedTaskList                0x2000009c   Data           4  tasks.o(.data)
    .data                                    0x200000a0   Section       20  timers.o(.data)
    xTimerQueue                              0x200000a0   Data           4  timers.o(.data)
    xTimerTaskHandle                         0x200000a4   Data           4  timers.o(.data)
    xLastTime                                0x200000a8   Data           4  timers.o(.data)
    pxCurrentTimerList                       0x200000ac   Data           4  timers.o(.data)
    pxOverflowTimerList                      0x200000b0   Data           4  timers.o(.data)
    .data                                    0x200000b4   Section        4  cmsis_os2.o(.data)
    KernelState                              0x200000b4   Data           4  cmsis_os2.o(.data)
    .data                                    0x200000b8   Section       32  heap_4.o(.data)
    pxEnd                                    0x200000b8   Data           4  heap_4.o(.data)
    xFreeBytesRemaining                      0x200000bc   Data           4  heap_4.o(.data)
    xMinimumEverFreeBytesRemaining           0x200000c0   Data           4  heap_4.o(.data)
    xNumberOfSuccessfulAllocations           0x200000c4   Data           4  heap_4.o(.data)
    xNumberOfSuccessfulFrees                 0x200000c8   Data           4  heap_4.o(.data)
    xBlockAllocatedBit                       0x200000cc   Data           4  heap_4.o(.data)
    xStart                                   0x200000d0   Data           8  heap_4.o(.data)
    .data                                    0x200000d8   Section       12  port.o(.data)
    ucMaxSysCallPriority                     0x200000d8   Data           1  port.o(.data)
    uxCriticalNesting                        0x200000dc   Data           4  port.o(.data)
    ulMaxPRIGROUPValue                       0x200000e0   Data           4  port.o(.data)
    .data                                    0x200000e4   Section        1  app_global.o(.data)
    .data                                    0x200000e5   Section        1  app_global.o(.data)
    .data                                    0x200000e6   Section        1  app_global.o(.data)
    .data                                    0x200000e7   Section        1  app_global.o(.data)
    .data                                    0x200000e8   Section        1  app_global.o(.data)
    .data                                    0x200000ec   Section        4  app_global.o(.data)
    .data                                    0x200000f0   Section        7  app_global.o(.data)
    .data                                    0x200000f7   Section        1  app_global.o(.data)
    .data                                    0x200000f8   Section        1  app_global.o(.data)
    .data                                    0x200000f9   Section        3  app_global.o(.data)
    .data                                    0x200000fc   Section        4  app_global.o(.data)
    .data                                    0x20000100   Section        1  app_global.o(.data)
    .data                                    0x20000101   Section        1  app_global.o(.data)
    .data                                    0x20000104   Section        4  app_global.o(.data)
    .data                                    0x20000108   Section        7  app_global.o(.data)
    .bss                                     0x20000110   Section       16  freertos.o(.bss)
    .bss                                     0x20000120   Section       20  rtc.o(.bss)
    .bss                                     0x20000134   Section       72  usart.o(.bss)
    .bss                                     0x2000017c   Section       72  stm32f1xx_hal_timebase_tim.o(.bss)
    .bss                                     0x200001c4   Section       64  queue.o(.bss)
    .bss                                     0x20000204   Section     1220  tasks.o(.bss)
    pxReadyTasksLists                        0x20000204   Data        1120  tasks.o(.bss)
    xDelayedTaskList1                        0x20000664   Data          20  tasks.o(.bss)
    xDelayedTaskList2                        0x20000678   Data          20  tasks.o(.bss)
    xPendingReadyList                        0x2000068c   Data          20  tasks.o(.bss)
    xTasksWaitingTermination                 0x200006a0   Data          20  tasks.o(.bss)
    xSuspendedTaskList                       0x200006b4   Data          20  tasks.o(.bss)
    .bss                                     0x200006c8   Section      280  timers.o(.bss)
    xStaticTimerQueue                        0x200006c8   Data          80  timers.o(.bss)
    ucStaticTimerQueueStorage                0x20000718   Data         160  timers.o(.bss)
    xActiveTimerList1                        0x200007b8   Data          20  timers.o(.bss)
    xActiveTimerList2                        0x200007cc   Data          20  timers.o(.bss)
    .bss                                     0x200007e0   Section     1720  cmsis_os2.o(.bss)
    Idle_TCB                                 0x200007e0   Data          92  cmsis_os2.o(.bss)
    Idle_Stack                               0x2000083c   Data         512  cmsis_os2.o(.bss)
    Timer_TCB                                0x20000a3c   Data          92  cmsis_os2.o(.bss)
    Timer_Stack                              0x20000a98   Data        1024  cmsis_os2.o(.bss)
    .bss                                     0x20000e98   Section    32768  heap_4.o(.bss)
    ucHeap                                   0x20000e98   Data       32768  heap_4.o(.bss)
    STACK                                    0x20008e98   Section     1024  startup_stm32f103xe.o(STACK)

    Global Symbols

    Symbol Name                              Value     Ov Type        Size  Object(Section)

    BuildAttributes$$THM_ISAv4$P$D$K$B$S$PE$A:L22UL41UL21$X:L11$S22US41US21$IEEE1$IW$USESV6$~STKCKD$USESV7$~SHL$OTIME$ROPI$EBA8$MICROLIB$REQ8$PRES8$EABIv2 0x00000000   Number         0  anon$$obj.o ABSOLUTE
    __ARM_use_no_argv                        0x00000000   Number         0  main.o ABSOLUTE
    _printf_a                                0x00000000   Number         0  stubs.o ABSOLUTE
    _printf_c                                0x00000000   Number         0  stubs.o ABSOLUTE
    _printf_charcount                        0x00000000   Number         0  stubs.o ABSOLUTE
    _printf_d                                0x00000000   Number         0  stubs.o ABSOLUTE
    _printf_e                                0x00000000   Number         0  stubs.o ABSOLUTE
    _printf_f                                0x00000000   Number         0  stubs.o ABSOLUTE
    _printf_flags                            0x00000000   Number         0  stubs.o ABSOLUTE
    _printf_fp_dec                           0x00000000   Number         0  stubs.o ABSOLUTE
    _printf_fp_hex                           0x00000000   Number         0  stubs.o ABSOLUTE
    _printf_g                                0x00000000   Number         0  stubs.o ABSOLUTE
    _printf_i                                0x00000000   Number         0  stubs.o ABSOLUTE
    _printf_int_dec                          0x00000000   Number         0  stubs.o ABSOLUTE
    _printf_l                                0x00000000   Number         0  stubs.o ABSOLUTE
    _printf_lc                               0x00000000   Number         0  stubs.o ABSOLUTE
    _printf_ll                               0x00000000   Number         0  stubs.o ABSOLUTE
    _printf_lld                              0x00000000   Number         0  stubs.o ABSOLUTE
    _printf_lli                              0x00000000   Number         0  stubs.o ABSOLUTE
    _printf_llo                              0x00000000   Number         0  stubs.o ABSOLUTE
    _printf_llu                              0x00000000   Number         0  stubs.o ABSOLUTE
    _printf_llx                              0x00000000   Number         0  stubs.o ABSOLUTE
    _printf_longlong_dec                     0x00000000   Number         0  stubs.o ABSOLUTE
    _printf_longlong_hex                     0x00000000   Number         0  stubs.o ABSOLUTE
    _printf_longlong_oct                     0x00000000   Number         0  stubs.o ABSOLUTE
    _printf_ls                               0x00000000   Number         0  stubs.o ABSOLUTE
    _printf_mbtowc                           0x00000000   Number         0  stubs.o ABSOLUTE
    _printf_n                                0x00000000   Number         0  stubs.o ABSOLUTE
    _printf_o                                0x00000000   Number         0  stubs.o ABSOLUTE
    _printf_p                                0x00000000   Number         0  stubs.o ABSOLUTE
    _printf_percent                          0x00000000   Number         0  stubs.o ABSOLUTE
    _printf_pre_padding                      0x00000000   Number         0  stubs.o ABSOLUTE
    _printf_return_value                     0x00000000   Number         0  stubs.o ABSOLUTE
    _printf_s                                0x00000000   Number         0  stubs.o ABSOLUTE
    _printf_sizespec                         0x00000000   Number         0  stubs.o ABSOLUTE
    _printf_str                              0x00000000   Number         0  stubs.o ABSOLUTE
    _printf_truncate_signed                  0x00000000   Number         0  stubs.o ABSOLUTE
    _printf_truncate_unsigned                0x00000000   Number         0  stubs.o ABSOLUTE
    _printf_u                                0x00000000   Number         0  stubs.o ABSOLUTE
    _printf_wc                               0x00000000   Number         0  stubs.o ABSOLUTE
    _printf_wctomb                           0x00000000   Number         0  stubs.o ABSOLUTE
    _printf_widthprec                        0x00000000   Number         0  stubs.o ABSOLUTE
    _printf_x                                0x00000000   Number         0  stubs.o ABSOLUTE
    __arm_fini_                               - Undefined Weak Reference
    __cpp_initialize__aeabi_                  - Undefined Weak Reference
    __cxa_finalize                            - Undefined Weak Reference
    __decompress                              - Undefined Weak Reference
    _clock_init                               - Undefined Weak Reference
    _microlib_exit                            - Undefined Weak Reference
    __Vectors_Size                           0x00000130   Number         0  startup_stm32f103xe.o ABSOLUTE
    __Vectors                                0x08000000   Data           4  startup_stm32f103xe.o(RESET)
    __Vectors_End                            0x08000130   Data           0  startup_stm32f103xe.o(RESET)
    __main                                   0x08000131   Thumb Code     0  entry.o(.ARM.Collect$$$$00000000)
    _main_stk                                0x08000131   Thumb Code     0  entry2.o(.ARM.Collect$$$$00000001)
    _main_scatterload                        0x08000135   Thumb Code     0  entry5.o(.ARM.Collect$$$$00000004)
    __main_after_scatterload                 0x08000139   Thumb Code     0  entry5.o(.ARM.Collect$$$$00000004)
    _main_clock                              0x08000139   Thumb Code     0  entry7b.o(.ARM.Collect$$$$00000008)
    _main_cpp_init                           0x08000139   Thumb Code     0  entry8b.o(.ARM.Collect$$$$0000000A)
    _main_init                               0x08000139   Thumb Code     0  entry9a.o(.ARM.Collect$$$$0000000B)
    __rt_lib_shutdown_fini                   0x08000141   Thumb Code     0  entry12b.o(.ARM.Collect$$$$0000000E)
    __rt_final_cpp                           0x08000145   Thumb Code     0  entry10a.o(.ARM.Collect$$$$0000000F)
    __rt_final_exit                          0x08000145   Thumb Code     0  entry11a.o(.ARM.Collect$$$$00000011)
    SVC_Handler                              0x08000149   Thumb Code    32  port.o(.emb_text)
    __asm___6_port_c_39a90d8d__prvStartFirstTask 0x0800016d   Thumb Code    28  port.o(.emb_text)
    PendSV_Handler                           0x0800018d   Thumb Code    72  port.o(.emb_text)
    vPortGetIPSR                             0x080001d9   Thumb Code     6  port.o(.emb_text)
    Reset_Handler                            0x080001e1   Thumb Code     8  startup_stm32f103xe.o(.text)
    ADC1_2_IRQHandler                        0x080001fb   Thumb Code     0  startup_stm32f103xe.o(.text)
    ADC3_IRQHandler                          0x080001fb   Thumb Code     0  startup_stm32f103xe.o(.text)
    CAN1_RX1_IRQHandler                      0x080001fb   Thumb Code     0  startup_stm32f103xe.o(.text)
    CAN1_SCE_IRQHandler                      0x080001fb   Thumb Code     0  startup_stm32f103xe.o(.text)
    DMA1_Channel1_IRQHandler                 0x080001fb   Thumb Code     0  startup_stm32f103xe.o(.text)
    DMA1_Channel2_IRQHandler                 0x080001fb   Thumb Code     0  startup_stm32f103xe.o(.text)
    DMA1_Channel3_IRQHandler                 0x080001fb   Thumb Code     0  startup_stm32f103xe.o(.text)
    DMA1_Channel4_IRQHandler                 0x080001fb   Thumb Code     0  startup_stm32f103xe.o(.text)
    DMA1_Channel5_IRQHandler                 0x080001fb   Thumb Code     0  startup_stm32f103xe.o(.text)
    DMA1_Channel6_IRQHandler                 0x080001fb   Thumb Code     0  startup_stm32f103xe.o(.text)
    DMA1_Channel7_IRQHandler                 0x080001fb   Thumb Code     0  startup_stm32f103xe.o(.text)
    DMA2_Channel1_IRQHandler                 0x080001fb   Thumb Code     0  startup_stm32f103xe.o(.text)
    DMA2_Channel2_IRQHandler                 0x080001fb   Thumb Code     0  startup_stm32f103xe.o(.text)
    DMA2_Channel3_IRQHandler                 0x080001fb   Thumb Code     0  startup_stm32f103xe.o(.text)
    DMA2_Channel4_5_IRQHandler               0x080001fb   Thumb Code     0  startup_stm32f103xe.o(.text)
    EXTI15_10_IRQHandler                     0x080001fb   Thumb Code     0  startup_stm32f103xe.o(.text)
    EXTI4_IRQHandler                         0x080001fb   Thumb Code     0  startup_stm32f103xe.o(.text)
    EXTI9_5_IRQHandler                       0x080001fb   Thumb Code     0  startup_stm32f103xe.o(.text)
    FLASH_IRQHandler                         0x080001fb   Thumb Code     0  startup_stm32f103xe.o(.text)
    FSMC_IRQHandler                          0x080001fb   Thumb Code     0  startup_stm32f103xe.o(.text)
    I2C1_ER_IRQHandler                       0x080001fb   Thumb Code     0  startup_stm32f103xe.o(.text)
    I2C1_EV_IRQHandler                       0x080001fb   Thumb Code     0  startup_stm32f103xe.o(.text)
    I2C2_ER_IRQHandler                       0x080001fb   Thumb Code     0  startup_stm32f103xe.o(.text)
    I2C2_EV_IRQHandler                       0x080001fb   Thumb Code     0  startup_stm32f103xe.o(.text)
    PVD_IRQHandler                           0x080001fb   Thumb Code     0  startup_stm32f103xe.o(.text)
    RTC_Alarm_IRQHandler                     0x080001fb   Thumb Code     0  startup_stm32f103xe.o(.text)
    RTC_IRQHandler                           0x080001fb   Thumb Code     0  startup_stm32f103xe.o(.text)
    SDIO_IRQHandler                          0x080001fb   Thumb Code     0  startup_stm32f103xe.o(.text)
    SPI1_IRQHandler                          0x080001fb   Thumb Code     0  startup_stm32f103xe.o(.text)
    SPI2_IRQHandler                          0x080001fb   Thumb Code     0  startup_stm32f103xe.o(.text)
    SPI3_IRQHandler                          0x080001fb   Thumb Code     0  startup_stm32f103xe.o(.text)
    TAMPER_IRQHandler                        0x080001fb   Thumb Code     0  startup_stm32f103xe.o(.text)
    TIM1_BRK_IRQHandler                      0x080001fb   Thumb Code     0  startup_stm32f103xe.o(.text)
    TIM1_CC_IRQHandler                       0x080001fb   Thumb Code     0  startup_stm32f103xe.o(.text)
    TIM1_TRG_COM_IRQHandler                  0x080001fb   Thumb Code     0  startup_stm32f103xe.o(.text)
    TIM1_UP_IRQHandler                       0x080001fb   Thumb Code     0  startup_stm32f103xe.o(.text)
    TIM2_IRQHandler                          0x080001fb   Thumb Code     0  startup_stm32f103xe.o(.text)
    TIM3_IRQHandler                          0x080001fb   Thumb Code     0  startup_stm32f103xe.o(.text)
    TIM4_IRQHandler                          0x080001fb   Thumb Code     0  startup_stm32f103xe.o(.text)
    TIM5_IRQHandler                          0x080001fb   Thumb Code     0  startup_stm32f103xe.o(.text)
    TIM6_IRQHandler                          0x080001fb   Thumb Code     0  startup_stm32f103xe.o(.text)
    TIM7_IRQHandler                          0x080001fb   Thumb Code     0  startup_stm32f103xe.o(.text)
    TIM8_BRK_IRQHandler                      0x080001fb   Thumb Code     0  startup_stm32f103xe.o(.text)
    TIM8_CC_IRQHandler                       0x080001fb   Thumb Code     0  startup_stm32f103xe.o(.text)
    TIM8_TRG_COM_IRQHandler                  0x080001fb   Thumb Code     0  startup_stm32f103xe.o(.text)
    UART4_IRQHandler                         0x080001fb   Thumb Code     0  startup_stm32f103xe.o(.text)
    UART5_IRQHandler                         0x080001fb   Thumb Code     0  startup_stm32f103xe.o(.text)
    USART1_IRQHandler                        0x080001fb   Thumb Code     0  startup_stm32f103xe.o(.text)
    USART2_IRQHandler                        0x080001fb   Thumb Code     0  startup_stm32f103xe.o(.text)
    USART3_IRQHandler                        0x080001fb   Thumb Code     0  startup_stm32f103xe.o(.text)
    USBWakeUp_IRQHandler                     0x080001fb   Thumb Code     0  startup_stm32f103xe.o(.text)
    USB_HP_CAN1_TX_IRQHandler                0x080001fb   Thumb Code     0  startup_stm32f103xe.o(.text)
    USB_LP_CAN1_RX0_IRQHandler               0x080001fb   Thumb Code     0  startup_stm32f103xe.o(.text)
    WWDG_IRQHandler                          0x080001fb   Thumb Code     0  startup_stm32f103xe.o(.text)
    __aeabi_memcpy                           0x08000205   Thumb Code    36  memcpya.o(.text)
    __aeabi_memcpy4                          0x08000205   Thumb Code     0  memcpya.o(.text)
    __aeabi_memcpy8                          0x08000205   Thumb Code     0  memcpya.o(.text)
    __aeabi_memset                           0x08000229   Thumb Code    14  memseta.o(.text)
    __aeabi_memset4                          0x08000229   Thumb Code     0  memseta.o(.text)
    __aeabi_memset8                          0x08000229   Thumb Code     0  memseta.o(.text)
    __aeabi_memclr                           0x08000237   Thumb Code     4  memseta.o(.text)
    __aeabi_memclr4                          0x08000237   Thumb Code     0  memseta.o(.text)
    __aeabi_memclr8                          0x08000237   Thumb Code     0  memseta.o(.text)
    memset                                   0x0800023b   Thumb Code    18  memseta.o(.text)
    strncpy                                  0x0800024d   Thumb Code    24  strncpy.o(.text)
    strlen                                   0x08000265   Thumb Code    14  strlen.o(.text)
    strncmp                                  0x08000273   Thumb Code    30  strncmp.o(.text)
    __aeabi_fadd                             0x08000291   Thumb Code   164  fadd.o(.text)
    __aeabi_fsub                             0x08000335   Thumb Code     6  fadd.o(.text)
    __aeabi_frsub                            0x0800033b   Thumb Code     6  fadd.o(.text)
    __aeabi_fdiv                             0x08000341   Thumb Code   124  fdiv.o(.text)
    __aeabi_i2f                              0x080003bd   Thumb Code    18  fflti.o(.text)
    __aeabi_ui2f                             0x080003cf   Thumb Code    10  ffltui.o(.text)
    __aeabi_f2uiz                            0x080003d9   Thumb Code    40  ffixui.o(.text)
    __aeabi_uidiv                            0x08000401   Thumb Code     0  uidiv.o(.text)
    __aeabi_uidivmod                         0x08000401   Thumb Code    44  uidiv.o(.text)
    __I$use$fp                               0x0800042d   Thumb Code     0  iusefp.o(.text)
    _float_round                             0x0800042d   Thumb Code    18  fepilogue.o(.text)
    _float_epilogue                          0x0800043f   Thumb Code    92  fepilogue.o(.text)
    __scatterload                            0x0800049d   Thumb Code    28  init.o(.text)
    __scatterload_rt2                        0x0800049d   Thumb Code     0  init.o(.text)
    Alarm_PlayLocked                         0x080004c1   Thumb Code    12  freertos.o(i.Alarm_PlayLocked)
    Alarm_PlayTimeout                        0x080004cd   Thumb Code    10  freertos.o(i.Alarm_PlayTimeout)
    Alarm_PlayUnlockSuccess                  0x080004d7   Thumb Code    12  freertos.o(i.Alarm_PlayUnlockSuccess)
    Alarm_PlayWrongPassword                  0x080004e3   Thumb Code    10  freertos.o(i.Alarm_PlayWrongPassword)
    Alarm_SendCommand                        0x080004ed   Thumb Code    36  freertos.o(i.Alarm_SendCommand)
    BUZZER_OFF                               0x08000515   Thumb Code    10  task_alarm.o(i.BUZZER_OFF)
    BUZZER_ON                                0x08000525   Thumb Code    12  task_alarm.o(i.BUZZER_ON)
    BusFault_Handler                         0x08000535   Thumb Code     2  stm32f1xx_it.o(i.BusFault_Handler)
    Buzzer_Beep                              0x08000537   Thumb Code    22  task_alarm.o(i.Buzzer_Beep)
    Buzzer_BeepPattern                       0x0800054d   Thumb Code    46  task_alarm.o(i.Buzzer_BeepPattern)
    DebugMon_Handler                         0x0800057b   Thumb Code     2  stm32f1xx_it.o(i.DebugMon_Handler)
    EEPROM_I2C_Ack                           0x0800057d   Thumb Code    40  eeprom.o(i.EEPROM_I2C_Ack)
    EEPROM_I2C_NAck                          0x080005b5   Thumb Code    40  eeprom.o(i.EEPROM_I2C_NAck)
    EEPROM_I2C_ReadByte                      0x080005dd   Thumb Code    80  eeprom.o(i.EEPROM_I2C_ReadByte)
    EEPROM_I2C_SendByte                      0x0800063d   Thumb Code    74  eeprom.o(i.EEPROM_I2C_SendByte)
    EEPROM_I2C_Start                         0x080006fd   Thumb Code    46  eeprom.o(i.EEPROM_I2C_Start)
    EEPROM_I2C_Stop                          0x0800072b   Thumb Code    40  eeprom.o(i.EEPROM_I2C_Stop)
    EEPROM_I2C_WaitAck                       0x08000753   Thumb Code    48  eeprom.o(i.EEPROM_I2C_WaitAck)
    EEPROM_Init                              0x08000785   Thumb Code    60  eeprom.o(i.EEPROM_Init)
    EEPROM_ReadBuffer                        0x080007c5   Thumb Code   124  eeprom.o(i.EEPROM_ReadBuffer)
    EEPROM_WriteBuffer                       0x08000841   Thumb Code    68  eeprom.o(i.EEPROM_WriteBuffer)
    EEPROM_WritePage                         0x08000885   Thumb Code   102  eeprom.o(i.EEPROM_WritePage)
    EXTI0_IRQHandler                         0x080008eb   Thumb Code     6  stm32f1xx_it.o(i.EXTI0_IRQHandler)
    EXTI1_IRQHandler                         0x080008f1   Thumb Code     6  stm32f1xx_it.o(i.EXTI1_IRQHandler)
    EXTI2_IRQHandler                         0x080008f7   Thumb Code     6  stm32f1xx_it.o(i.EXTI2_IRQHandler)
    EXTI3_IRQHandler                         0x080008fd   Thumb Code     6  stm32f1xx_it.o(i.EXTI3_IRQHandler)
    Error_Handler                            0x08000903   Thumb Code     4  main.o(i.Error_Handler)
    HAL_Delay                                0x08000909   Thumb Code    32  stm32f1xx_hal.o(i.HAL_Delay)
    HAL_GPIO_EXTI_Callback                   0x0800092d   Thumb Code    34  stm32f1xx_it.o(i.HAL_GPIO_EXTI_Callback)
    HAL_GPIO_EXTI_IRQHandler                 0x0800095d   Thumb Code    18  stm32f1xx_hal_gpio.o(i.HAL_GPIO_EXTI_IRQHandler)
    HAL_GPIO_Init                            0x08000975   Thumb Code   462  stm32f1xx_hal_gpio.o(i.HAL_GPIO_Init)
    HAL_GPIO_ReadPin                         0x08000b6d   Thumb Code    10  stm32f1xx_hal_gpio.o(i.HAL_GPIO_ReadPin)
    HAL_GPIO_WritePin                        0x08000b77   Thumb Code    10  stm32f1xx_hal_gpio.o(i.HAL_GPIO_WritePin)
    HAL_GetTick                              0x08000b81   Thumb Code     6  stm32f1xx_hal.o(i.HAL_GetTick)
    HAL_IncTick                              0x08000b8d   Thumb Code    12  stm32f1xx_hal.o(i.HAL_IncTick)
    HAL_Init                                 0x08000b9d   Thumb Code    32  stm32f1xx_hal.o(i.HAL_Init)
    HAL_InitTick                             0x08000bc1   Thumb Code   118  stm32f1xx_hal_timebase_tim.o(i.HAL_InitTick)
    HAL_MspInit                              0x08000c4d   Thumb Code    78  stm32f1xx_hal_msp.o(i.HAL_MspInit)
    HAL_NVIC_EnableIRQ                       0x08000ca5   Thumb Code    26  stm32f1xx_hal_cortex.o(i.HAL_NVIC_EnableIRQ)
    HAL_NVIC_SetPriority                     0x08000cc1   Thumb Code    60  stm32f1xx_hal_cortex.o(i.HAL_NVIC_SetPriority)
    HAL_NVIC_SetPriorityGrouping             0x08000d01   Thumb Code    26  stm32f1xx_hal_cortex.o(i.HAL_NVIC_SetPriorityGrouping)
    HAL_PWR_EnableBkUpAccess                 0x08000d25   Thumb Code     8  stm32f1xx_hal_pwr.o(i.HAL_PWR_EnableBkUpAccess)
    HAL_RCCEx_GetPeriphCLKFreq               0x08000d31   Thumb Code   166  stm32f1xx_hal_rcc_ex.o(i.HAL_RCCEx_GetPeriphCLKFreq)
    HAL_RCCEx_PeriphCLKConfig                0x08000de9   Thumb Code   224  stm32f1xx_hal_rcc_ex.o(i.HAL_RCCEx_PeriphCLKConfig)
    HAL_RCC_ClockConfig                      0x08000ed5   Thumb Code   280  stm32f1xx_hal_rcc.o(i.HAL_RCC_ClockConfig)
    HAL_RCC_GetClockConfig                   0x08001001   Thumb Code    54  stm32f1xx_hal_rcc.o(i.HAL_RCC_GetClockConfig)
    HAL_RCC_GetPCLK1Freq                     0x08001041   Thumb Code    20  stm32f1xx_hal_rcc.o(i.HAL_RCC_GetPCLK1Freq)
    HAL_RCC_GetPCLK2Freq                     0x08001061   Thumb Code    20  stm32f1xx_hal_rcc.o(i.HAL_RCC_GetPCLK2Freq)
    HAL_RCC_GetSysClockFreq                  0x08001081   Thumb Code    58  stm32f1xx_hal_rcc.o(i.HAL_RCC_GetSysClockFreq)
    HAL_RCC_OscConfig                        0x080010cd   Thumb Code   778  stm32f1xx_hal_rcc.o(i.HAL_RCC_OscConfig)
    HAL_RTC_GetDate                          0x080013ed   Thumb Code    78  stm32f1xx_hal_rtc.o(i.HAL_RTC_GetDate)
    HAL_RTC_GetTime                          0x0800143b   Thumb Code   216  stm32f1xx_hal_rtc.o(i.HAL_RTC_GetTime)
    HAL_RTC_Init                             0x08001515   Thumb Code   144  stm32f1xx_hal_rtc.o(i.HAL_RTC_Init)
    HAL_RTC_MspInit                          0x080015a9   Thumb Code    40  rtc.o(i.HAL_RTC_MspInit)
    HAL_RTC_WaitForSynchro                   0x080015dd   Thumb Code    58  stm32f1xx_hal_rtc.o(i.HAL_RTC_WaitForSynchro)
    HAL_TIMEx_BreakCallback                  0x08001617   Thumb Code     2  stm32f1xx_hal_tim_ex.o(i.HAL_TIMEx_BreakCallback)
    HAL_TIMEx_CommutCallback                 0x08001619   Thumb Code     2  stm32f1xx_hal_tim_ex.o(i.HAL_TIMEx_CommutCallback)
    HAL_TIM_Base_Init                        0x0800161b   Thumb Code    90  stm32f1xx_hal_tim.o(i.HAL_TIM_Base_Init)
    HAL_TIM_Base_MspInit                     0x08001675   Thumb Code     2  stm32f1xx_hal_tim.o(i.HAL_TIM_Base_MspInit)
    HAL_TIM_Base_Start_IT                    0x08001679   Thumb Code    88  stm32f1xx_hal_tim.o(i.HAL_TIM_Base_Start_IT)
    HAL_TIM_IC_CaptureCallback               0x080016e5   Thumb Code     2  stm32f1xx_hal_tim.o(i.HAL_TIM_IC_CaptureCallback)
    HAL_TIM_IRQHandler                       0x080016e7   Thumb Code   304  stm32f1xx_hal_tim.o(i.HAL_TIM_IRQHandler)
    HAL_TIM_OC_DelayElapsedCallback          0x08001817   Thumb Code     2  stm32f1xx_hal_tim.o(i.HAL_TIM_OC_DelayElapsedCallback)
    HAL_TIM_PWM_PulseFinishedCallback        0x08001819   Thumb Code     2  stm32f1xx_hal_tim.o(i.HAL_TIM_PWM_PulseFinishedCallback)
    HAL_TIM_PeriodElapsedCallback            0x0800181d   Thumb Code    14  main.o(i.HAL_TIM_PeriodElapsedCallback)
    HAL_TIM_TriggerCallback                  0x08001831   Thumb Code     2  stm32f1xx_hal_tim.o(i.HAL_TIM_TriggerCallback)
    HAL_UART_Init                            0x08001833   Thumb Code   100  stm32f1xx_hal_uart.o(i.HAL_UART_Init)
    HAL_UART_MspInit                         0x08001899   Thumb Code   100  usart.o(i.HAL_UART_MspInit)
    HardFault_Handler                        0x08001909   Thumb Code     2  stm32f1xx_it.o(i.HardFault_Handler)
    InitialTask                              0x0800190d   Thumb Code   280  freertos.o(i.InitialTask)
    LCD_ShowAdminMode                        0x08001a71   Thumb Code   138  tft_lcd.o(i.LCD_ShowAdminMode)
    LCD_ShowChange                           0x08001bb1   Thumb Code    30  tft_lcd.o(i.LCD_ShowChange)
    LCD_ShowMainInterface                    0x08001c0d   Thumb Code    68  tft_lcd.o(i.LCD_ShowMainInterface)
    LCD_ShowPasswordChangeResult             0x08001ca5   Thumb Code    30  tft_lcd.o(i.LCD_ShowPasswordChangeResult)
    LCD_ShowPasswordError                    0x08001ce1   Thumb Code   102  tft_lcd.o(i.LCD_ShowPasswordError)
    LCD_ShowPasswordInput                    0x08001d91   Thumb Code   108  tft_lcd.o(i.LCD_ShowPasswordInput)
    LCD_ShowPasswordmanage                   0x08001e1d   Thumb Code   108  tft_lcd.o(i.LCD_ShowPasswordmanage)
    LCD_ShowSystemLocked                     0x08001ea9   Thumb Code    94  tft_lcd.o(i.LCD_ShowSystemLocked)
    LCD_ShowTime                             0x08001f41   Thumb Code    28  tft_lcd.o(i.LCD_ShowTime)
    LCD_ShowTimeout                          0x08001f5d   Thumb Code    30  tft_lcd.o(i.LCD_ShowTimeout)
    LCD_ShowUnlockSuccess                    0x08001f8d   Thumb Code    78  tft_lcd.o(i.LCD_ShowUnlockSuccess)
    LCD_start                                0x08002029   Thumb Code    76  tft_lcd.o(i.LCD_start)
    LED_Blink                                0x080020b9   Thumb Code    54  task_alarm.o(i.LED_Blink)
    LED_OFF                                  0x080020f1   Thumb Code    10  task_alarm.o(i.LED_OFF)
    LED_ON                                   0x08002101   Thumb Code    30  task_alarm.o(i.LED_ON)
    MX_FREERTOS_Init                         0x08002129   Thumb Code   118  freertos.o(i.MX_FREERTOS_Init)
    MX_GPIO_Init                             0x080021bd   Thumb Code   464  gpio.o(i.MX_GPIO_Init)
    MX_RTC_Init                              0x080023ad   Thumb Code    38  rtc.o(i.MX_RTC_Init)
    MX_USART1_UART_Init                      0x080023dd   Thumb Code    48  usart.o(i.MX_USART1_UART_Init)
    ManageTask                               0x08002415   Thumb Code   262  freertos.o(i.ManageTask)
    MemManage_Handler                        0x08002539   Thumb Code     2  stm32f1xx_it.o(i.MemManage_Handler)
    NMI_Handler                              0x0800253b   Thumb Code     2  stm32f1xx_it.o(i.NMI_Handler)
    OpenkeyTask                              0x0800253d   Thumb Code   276  freertos.o(i.OpenkeyTask)
    RCC_IRQHandler                           0x0800266d   Thumb Code     2  stm32f1xx_it.o(i.RCC_IRQHandler)
    ShowTask                                 0x08002875   Thumb Code   440  freertos.o(i.ShowTask)
    SleepTask                                0x08002a65   Thumb Code   168  freertos.o(i.SleepTask)
    StartDefaultTask                         0x08002b19   Thumb Code    12  freertos.o(i.StartDefaultTask)
    SysTick_Handler                          0x08002b25   Thumb Code    26  cmsis_os2.o(i.SysTick_Handler)
    SystemClock_Config                       0x08002b3f   Thumb Code   128  main.o(i.SystemClock_Config)
    SystemInit                               0x08002bbf   Thumb Code     2  system_stm32f1xx.o(i.SystemInit)
    TFT_Clear                                0x08002bc1   Thumb Code    44  tft_lcd.o(i.TFT_Clear)
    TFT_Draw_Line                            0x08002bf1   Thumb Code   178  tft_lcd.o(i.TFT_Draw_Line)
    TFT_Draw_Pixel                           0x08002ca3   Thumb Code    36  tft_lcd.o(i.TFT_Draw_Pixel)
    TFT_Init                                 0x08002cc7   Thumb Code    88  tft_lcd.o(i.TFT_Init)
    TFT_Read_Data                            0x08002d21   Thumb Code   216  tft_lcd.o(i.TFT_Read_Data)
    TFT_Read_ID                              0x08002e05   Thumb Code    36  tft_lcd.o(i.TFT_Read_ID)
    TFT_Reset                                0x08002e29   Thumb Code    40  tft_lcd.o(i.TFT_Reset)
    TFT_Set_Direction                        0x08002e55   Thumb Code    50  tft_lcd.o(i.TFT_Set_Direction)
    TFT_Set_Window                           0x08002e8d   Thumb Code    82  tft_lcd.o(i.TFT_Set_Window)
    TFT_Show_Char                            0x08002ee1   Thumb Code   168  tft_lcd.o(i.TFT_Show_Char)
    TFT_Show_Str                             0x08002f8d   Thumb Code    72  tft_lcd.o(i.TFT_Show_Str)
    TFT_Write_Cmd                            0x08002fd5   Thumb Code   164  tft_lcd.o(i.TFT_Write_Cmd)
    TFT_Write_Data                           0x08003085   Thumb Code   164  tft_lcd.o(i.TFT_Write_Data)
    TFT_Write_Data16                         0x08003135   Thumb Code   274  tft_lcd.o(i.TFT_Write_Data16)
    TIM8_UP_IRQHandler                       0x08003255   Thumb Code     6  stm32f1xx_it.o(i.TIM8_UP_IRQHandler)
    TIM_Base_SetConfig                       0x08003261   Thumb Code   134  stm32f1xx_hal_tim.o(i.TIM_Base_SetConfig)
    TimeTask                                 0x080032fd   Thumb Code    86  freertos.o(i.TimeTask)
    UsageFault_Handler                       0x08003449   Thumb Code     2  stm32f1xx_it.o(i.UsageFault_Handler)
    WarnLocktask                             0x0800344d   Thumb Code   160  freertos.o(i.WarnLocktask)
    __0snprintf$6                            0x080034f1   Thumb Code    48  printf6.o(i.__0snprintf$6)
    __1snprintf$6                            0x080034f1   Thumb Code     0  printf6.o(i.__0snprintf$6)
    __2snprintf                              0x080034f1   Thumb Code     0  printf6.o(i.__0snprintf$6)
    __scatterload_copy                       0x08003545   Thumb Code    14  handlers.o(i.__scatterload_copy)
    __scatterload_null                       0x08003553   Thumb Code     2  handlers.o(i.__scatterload_null)
    __scatterload_zeroinit                   0x08003555   Thumb Code    14  handlers.o(i.__scatterload_zeroinit)
    alarmback01                              0x080038bd   Thumb Code    10  freertos.o(i.alarmback01)
    key1_scan                                0x080038cd   Thumb Code   380  me.o(i.key1_scan)
    key_scantask                             0x08003a65   Thumb Code     8  freertos.o(i.key_scantask)
    main                                     0x08003a6d   Thumb Code    34  main.o(i.main)
    osDelay                                  0x08003a8f   Thumb Code    26  cmsis_os2.o(i.osDelay)
    osKernelGetTickCount                     0x08003aa9   Thumb Code    14  cmsis_os2.o(i.osKernelGetTickCount)
    osKernelInitialize                       0x08003ab9   Thumb Code    32  cmsis_os2.o(i.osKernelInitialize)
    osKernelStart                            0x08003add   Thumb Code    48  cmsis_os2.o(i.osKernelStart)
    osMessageQueueGet                        0x08003b15   Thumb Code    96  cmsis_os2.o(i.osMessageQueueGet)
    osMessageQueueNew                        0x08003b79   Thumb Code    88  cmsis_os2.o(i.osMessageQueueNew)
    osMessageQueuePut                        0x08003bd1   Thumb Code   100  cmsis_os2.o(i.osMessageQueuePut)
    osMutexAcquire                           0x08003c39   Thumb Code    82  cmsis_os2.o(i.osMutexAcquire)
    osMutexRelease                           0x08003c8b   Thumb Code    66  cmsis_os2.o(i.osMutexRelease)
    osThreadNew                              0x08003ccd   Thumb Code   138  cmsis_os2.o(i.osThreadNew)
    osTimerNew                               0x08003d59   Thumb Code   116  cmsis_os2.o(i.osTimerNew)
    osTimerStart                             0x08003dd1   Thumb Code    50  cmsis_os2.o(i.osTimerStart)
    pvPortMalloc                             0x080045e9   Thumb Code   216  heap_4.o(i.pvPortMalloc)
    pvTaskIncrementMutexHeldCount            0x080046c5   Thumb Code    18  tasks.o(i.pvTaskIncrementMutexHeldCount)
    pvTimerGetTimerID                        0x080046dd   Thumb Code    36  timers.o(i.pvTimerGetTimerID)
    pxPortInitialiseStack                    0x08004701   Thumb Code    32  port.o(i.pxPortInitialiseStack)
    sleepCallback02                          0x08004725   Thumb Code    16  freertos.o(i.sleepCallback02)
    uxListRemove                             0x0800473d   Thumb Code    38  list.o(i.uxListRemove)
    vApplicationGetIdleTaskMemory            0x08004765   Thumb Code    16  cmsis_os2.o(i.vApplicationGetIdleTaskMemory)
    vApplicationGetTimerTaskMemory           0x08004779   Thumb Code    18  cmsis_os2.o(i.vApplicationGetTimerTaskMemory)
    vListInitialise                          0x08004791   Thumb Code    22  list.o(i.vListInitialise)
    vListInitialiseItem                      0x080047a7   Thumb Code     6  list.o(i.vListInitialiseItem)
    vListInsert                              0x080047ad   Thumb Code    48  list.o(i.vListInsert)
    vListInsertEnd                           0x080047dd   Thumb Code    24  list.o(i.vListInsertEnd)
    vPortEnterCritical                       0x080047f5   Thumb Code    54  port.o(i.vPortEnterCritical)
    vPortExitCritical                        0x08004835   Thumb Code    34  port.o(i.vPortExitCritical)
    vPortFree                                0x0800485d   Thumb Code    94  heap_4.o(i.vPortFree)
    vPortSetupTimerInterrupt                 0x080048c1   Thumb Code    32  port.o(i.vPortSetupTimerInterrupt)
    vPortValidateInterruptPriority           0x080048e5   Thumb Code    74  port.o(i.vPortValidateInterruptPriority)
    vQueueAddToRegistry                      0x08004939   Thumb Code    34  queue.o(i.vQueueAddToRegistry)
    vQueueWaitForMessageRestricted           0x08004961   Thumb Code    68  queue.o(i.vQueueWaitForMessageRestricted)
    vTaskDelay                               0x080049a5   Thumb Code    66  tasks.o(i.vTaskDelay)
    vTaskDelete                              0x080049f1   Thumb Code   130  tasks.o(i.vTaskDelete)
    vTaskInternalSetTimeOutState             0x08004a81   Thumb Code    12  tasks.o(i.vTaskInternalSetTimeOutState)
    vTaskMissedYield                         0x08004a91   Thumb Code     8  tasks.o(i.vTaskMissedYield)
    vTaskPlaceOnEventList                    0x08004a9d   Thumb Code    44  tasks.o(i.vTaskPlaceOnEventList)
    vTaskPlaceOnEventListRestricted          0x08004acd   Thumb Code    52  tasks.o(i.vTaskPlaceOnEventListRestricted)
    vTaskPriorityDisinheritAfterTimeout      0x08004b05   Thumb Code   134  tasks.o(i.vTaskPriorityDisinheritAfterTimeout)
    vTaskStartScheduler                      0x08004b95   Thumb Code   118  tasks.o(i.vTaskStartScheduler)
    vTaskSuspendAll                          0x08004c1d   Thumb Code    10  tasks.o(i.vTaskSuspendAll)
    vTaskSwitchContext                       0x08004c2d   Thumb Code    90  tasks.o(i.vTaskSwitchContext)
    xPortStartScheduler                      0x08004c91   Thumb Code   154  port.o(i.xPortStartScheduler)
    xPortSysTickHandler                      0x08004d39   Thumb Code    38  port.o(i.xPortSysTickHandler)
    xQueueGenericCreate                      0x08004d65   Thumb Code    66  queue.o(i.xQueueGenericCreate)
    xQueueGenericCreateStatic                0x08004da7   Thumb Code   102  queue.o(i.xQueueGenericCreateStatic)
    xQueueGenericReset                       0x08004e0d   Thumb Code   132  queue.o(i.xQueueGenericReset)
    xQueueGenericSend                        0x08004e95   Thumb Code   346  queue.o(i.xQueueGenericSend)
    xQueueGenericSendFromISR                 0x08004ff5   Thumb Code   190  queue.o(i.xQueueGenericSendFromISR)
    xQueueGiveMutexRecursive                 0x080050b3   Thumb Code    62  queue.o(i.xQueueGiveMutexRecursive)
    xQueueReceive                            0x080050f1   Thumb Code   308  queue.o(i.xQueueReceive)
    xQueueReceiveFromISR                     0x08005229   Thumb Code   154  queue.o(i.xQueueReceiveFromISR)
    xQueueSemaphoreTake                      0x080052c5   Thumb Code   372  queue.o(i.xQueueSemaphoreTake)
    xQueueTakeMutexRecursive                 0x0800543d   Thumb Code    64  queue.o(i.xQueueTakeMutexRecursive)
    xTaskCheckForTimeOut                     0x0800547d   Thumb Code   112  tasks.o(i.xTaskCheckForTimeOut)
    xTaskCreate                              0x080054f1   Thumb Code    90  tasks.o(i.xTaskCreate)
    xTaskCreateStatic                        0x0800554b   Thumb Code    86  tasks.o(i.xTaskCreateStatic)
    xTaskGetCurrentTaskHandle                0x080055a1   Thumb Code     6  tasks.o(i.xTaskGetCurrentTaskHandle)
    xTaskGetSchedulerState                   0x080055ad   Thumb Code    22  tasks.o(i.xTaskGetSchedulerState)
    xTaskGetTickCount                        0x080055c9   Thumb Code     6  tasks.o(i.xTaskGetTickCount)
    xTaskGetTickCountFromISR                 0x080055d5   Thumb Code    12  tasks.o(i.xTaskGetTickCountFromISR)
    xTaskIncrementTick                       0x080055e5   Thumb Code   192  tasks.o(i.xTaskIncrementTick)
    xTaskPriorityDisinherit                  0x080056ad   Thumb Code   118  tasks.o(i.xTaskPriorityDisinherit)
    xTaskPriorityInherit                     0x0800572d   Thumb Code   112  tasks.o(i.xTaskPriorityInherit)
    xTaskRemoveFromEventList                 0x080057a5   Thumb Code    98  tasks.o(i.xTaskRemoveFromEventList)
    xTaskResumeAll                           0x08005815   Thumb Code   182  tasks.o(i.xTaskResumeAll)
    xTimerCreate                             0x080058d9   Thumb Code    52  timers.o(i.xTimerCreate)
    xTimerCreateStatic                       0x0800590d   Thumb Code    46  timers.o(i.xTimerCreateStatic)
    xTimerCreateTimerTask                    0x0800593d   Thumb Code    78  timers.o(i.xTimerCreateTimerTask)
    xTimerGenericCommand                     0x0800599d   Thumb Code    98  timers.o(i.xTimerGenericCommand)
    asc2_0808                                0x08005a04   Data         760  tft_lcd.o(.constdata)
    key_map                                  0x08005cfc   Data          16  me.o(.constdata)
    defaultTask_attributes                   0x08005d0c   Data          36  freertos.o(.constdata)
    WarnLock_attributes                      0x08005d30   Data          36  freertos.o(.constdata)
    key_scan_attributes                      0x08005d54   Data          36  freertos.o(.constdata)
    Manage_attributes                        0x08005d78   Data          36  freertos.o(.constdata)
    Openkey_attributes                       0x08005d9c   Data          36  freertos.o(.constdata)
    Show_attributes                          0x08005dc0   Data          36  freertos.o(.constdata)
    Time_attributes                          0x08005de4   Data          36  freertos.o(.constdata)
    Sleep_attributes                         0x08005e08   Data          36  freertos.o(.constdata)
    Initial_attributes                       0x08005e2c   Data          36  freertos.o(.constdata)
    Alarmmsg_attributes                      0x08005e50   Data          24  freertos.o(.constdata)
    Settimee_attributes                      0x08005e68   Data          24  freertos.o(.constdata)
    Display_attributes                       0x08005e80   Data          24  freertos.o(.constdata)
    sleep_attributes                         0x08005e98   Data          24  freertos.o(.constdata)
    Alarm_attributes                         0x08005eb0   Data          16  freertos.o(.constdata)
    Sleeptask_attributes                     0x08005ec0   Data          16  freertos.o(.constdata)
    AHBPrescTable                            0x08005ef4   Data          16  system_stm32f1xx.o(.constdata)
    APBPrescTable                            0x08005f04   Data           8  system_stm32f1xx.o(.constdata)
    Region$$Table$$Base                      0x08005f9c   Number         0  anon$$obj.o(Region$$Table)
    Region$$Table$$Limit                     0x08005fbc   Number         0  anon$$obj.o(Region$$Table)
    sel                                      0x20000006   Data           2  freertos.o(.data)
    manage                                   0x20000008   Data           2  freertos.o(.data)
    lastsleepTime                            0x2000000c   Data           4  freertos.o(.data)
    defaultTaskHandle                        0x20000010   Data           4  freertos.o(.data)
    WarnLockHandle                           0x20000014   Data           4  freertos.o(.data)
    key_scanHandle                           0x20000018   Data           4  freertos.o(.data)
    ManageHandle                             0x2000001c   Data           4  freertos.o(.data)
    OpenkeyHandle                            0x20000020   Data           4  freertos.o(.data)
    ShowHandle                               0x20000024   Data           4  freertos.o(.data)
    TimeHandle                               0x20000028   Data           4  freertos.o(.data)
    SleepHandle                              0x2000002c   Data           4  freertos.o(.data)
    InitialHandle                            0x20000030   Data           4  freertos.o(.data)
    AlarmmsgHandle                           0x20000034   Data           4  freertos.o(.data)
    SettimeeHandle                           0x20000038   Data           4  freertos.o(.data)
    DisplayHandle                            0x2000003c   Data           4  freertos.o(.data)
    sleepHandle                              0x20000040   Data           4  freertos.o(.data)
    AlarmHandle                              0x20000044   Data           4  freertos.o(.data)
    SleeptaskHandle                          0x20000048   Data           4  freertos.o(.data)
    lastInputIndex                           0x2000004c   Data           1  stm32f1xx_it.o(.data)
    currentTime                              0x20000050   Data           4  stm32f1xx_it.o(.data)
    uwTickFreq                               0x20000054   Data           1  stm32f1xx_hal.o(.data)
    uwTickPrio                               0x20000058   Data           4  stm32f1xx_hal.o(.data)
    uwTick                                   0x2000005c   Data           4  stm32f1xx_hal.o(.data)
    SystemCoreClock                          0x20000060   Data           4  system_stm32f1xx.o(.data)
    pxCurrentTCB                             0x20000064   Data           4  tasks.o(.data)
    g_SystemState                            0x200000e4   Data           1  app_global.o(.data)
    g_ErrorCount                             0x200000e5   Data           1  app_global.o(.data)
    g_LockFlag                               0x200000e6   Data           1  app_global.o(.data)
    g_SleepFlag                              0x200000e7   Data           1  app_global.o(.data)
    g_AdminMode                              0x200000e8   Data           1  app_global.o(.data)
    g_LastActivityTime                       0x200000ec   Data           4  app_global.o(.data)
    g_InputBuffer                            0x200000f0   Data           7  app_global.o(.data)
    g_InputIndex                             0x200000f7   Data           1  app_global.o(.data)
    g_PasswordCount                          0x200000f8   Data           1  app_global.o(.data)
    g_CurrentTime                            0x200000f9   Data           3  app_global.o(.data)
    g_CurrentDate                            0x200000fc   Data           4  app_global.o(.data)
    g_DisplayUpdate                          0x20000100   Data           1  app_global.o(.data)
    g_DisplayMsg                             0x20000101   Data           1  app_global.o(.data)
    g_DisplayMutexHandle                     0x20000104   Data           4  app_global.o(.data)
    g_Passwords                              0x20000108   Data           7  app_global.o(.data)
    g_TimeStr                                0x20000110   Data          16  freertos.o(.bss)
    hrtc                                     0x20000120   Data          20  rtc.o(.bss)
    huart1                                   0x20000134   Data          72  usart.o(.bss)
    htim8                                    0x2000017c   Data          72  stm32f1xx_hal_timebase_tim.o(.bss)
    xQueueRegistry                           0x200001c4   Data          64  queue.o(.bss)
    __initial_sp                             0x20009298   Data           0  startup_stm32f103xe.o(STACK)



==============================================================================

Memory Map of the image

  Image Entry point : 0x08000131

  Load Region LR_IROM1 (Base: 0x08000000, Size: 0x000060cc, Max: 0x00080000, ABSOLUTE)

    Execution Region ER_IROM1 (Exec base: 0x08000000, Load base: 0x08000000, Size: 0x00005fbc, Max: 0x00080000, ABSOLUTE)

    Exec Addr    Load Addr    Size         Type   Attr      Idx    E Section Name        Object

    0x08000000   0x08000000   0x00000130   Data   RO            3    RESET               startup_stm32f103xe.o
    0x08000130   0x08000130   0x00000000   Code   RO         5596  * .ARM.Collect$$$$00000000  mc_w.l(entry.o)
    0x08000130   0x08000130   0x00000004   Code   RO         5886    .ARM.Collect$$$$00000001  mc_w.l(entry2.o)
    0x08000134   0x08000134   0x00000004   Code   RO         5889    .ARM.Collect$$$$00000004  mc_w.l(entry5.o)
    0x08000138   0x08000138   0x00000000   Code   RO         5891    .ARM.Collect$$$$00000008  mc_w.l(entry7b.o)
    0x08000138   0x08000138   0x00000000   Code   RO         5893    .ARM.Collect$$$$0000000A  mc_w.l(entry8b.o)
    0x08000138   0x08000138   0x00000008   Code   RO         5894    .ARM.Collect$$$$0000000B  mc_w.l(entry9a.o)
    0x08000140   0x08000140   0x00000004   Code   RO         5901    .ARM.Collect$$$$0000000E  mc_w.l(entry12b.o)
    0x08000144   0x08000144   0x00000000   Code   RO         5896    .ARM.Collect$$$$0000000F  mc_w.l(entry10a.o)
    0x08000144   0x08000144   0x00000000   Code   RO         5898    .ARM.Collect$$$$00000011  mc_w.l(entry11a.o)
    0x08000144   0x08000144   0x00000004   Code   RO         5887    .ARM.Collect$$$$00002712  mc_w.l(entry2.o)
    0x08000148   0x08000148   0x00000096   Code   RO         5257    .emb_text           port.o
    0x080001de   0x080001de   0x00000002   PAD
    0x080001e0   0x080001e0   0x00000024   Code   RO            4    .text               startup_stm32f103xe.o
    0x08000204   0x08000204   0x00000024   Code   RO         5601    .text               mc_w.l(memcpya.o)
    0x08000228   0x08000228   0x00000024   Code   RO         5605    .text               mc_w.l(memseta.o)
    0x0800024c   0x0800024c   0x00000018   Code   RO         5607    .text               mc_w.l(strncpy.o)
    0x08000264   0x08000264   0x0000000e   Code   RO         5609    .text               mc_w.l(strlen.o)
    0x08000272   0x08000272   0x0000001e   Code   RO         5611    .text               mc_w.l(strncmp.o)
    0x08000290   0x08000290   0x000000b0   Code   RO         5876    .text               mf_w.l(fadd.o)
    0x08000340   0x08000340   0x0000007c   Code   RO         5878    .text               mf_w.l(fdiv.o)
    0x080003bc   0x080003bc   0x00000012   Code   RO         5880    .text               mf_w.l(fflti.o)
    0x080003ce   0x080003ce   0x0000000a   Code   RO         5882    .text               mf_w.l(ffltui.o)
    0x080003d8   0x080003d8   0x00000028   Code   RO         5884    .text               mf_w.l(ffixui.o)
    0x08000400   0x08000400   0x0000002c   Code   RO         5903    .text               mc_w.l(uidiv.o)
    0x0800042c   0x0800042c   0x00000000   Code   RO         5907    .text               mc_w.l(iusefp.o)
    0x0800042c   0x0800042c   0x0000006e   Code   RO         5908    .text               mf_w.l(fepilogue.o)
    0x0800049a   0x0800049a   0x00000002   PAD
    0x0800049c   0x0800049c   0x00000024   Code   RO         5920    .text               mc_w.l(init.o)
    0x080004c0   0x080004c0   0x0000000c   Code   RO          521    i.Alarm_PlayLocked  freertos.o
    0x080004cc   0x080004cc   0x0000000a   Code   RO          522    i.Alarm_PlayTimeout  freertos.o
    0x080004d6   0x080004d6   0x0000000c   Code   RO          523    i.Alarm_PlayUnlockSuccess  freertos.o
    0x080004e2   0x080004e2   0x0000000a   Code   RO          524    i.Alarm_PlayWrongPassword  freertos.o
    0x080004ec   0x080004ec   0x00000028   Code   RO          525    i.Alarm_SendCommand  freertos.o
    0x08000514   0x08000514   0x00000010   Code   RO         5337    i.BUZZER_OFF        task_alarm.o
    0x08000524   0x08000524   0x00000010   Code   RO         5338    i.BUZZER_ON         task_alarm.o
    0x08000534   0x08000534   0x00000002   Code   RO          754    i.BusFault_Handler  stm32f1xx_it.o
    0x08000536   0x08000536   0x00000016   Code   RO         5339    i.Buzzer_Beep       task_alarm.o
    0x0800054c   0x0800054c   0x0000002e   Code   RO         5340    i.Buzzer_BeepPattern  task_alarm.o
    0x0800057a   0x0800057a   0x00000002   Code   RO          755    i.DebugMon_Handler  stm32f1xx_it.o
    0x0800057c   0x0800057c   0x00000028   Code   RO         5472    i.EEPROM_I2C_Ack    eeprom.o
    0x080005a4   0x080005a4   0x00000010   Code   RO         5473    i.EEPROM_I2C_Delay  eeprom.o
    0x080005b4   0x080005b4   0x00000028   Code   RO         5474    i.EEPROM_I2C_NAck   eeprom.o
    0x080005dc   0x080005dc   0x00000050   Code   RO         5475    i.EEPROM_I2C_ReadByte  eeprom.o
    0x0800062c   0x0800062c   0x00000010   Code   RO         5476    i.EEPROM_I2C_ReadSDA  eeprom.o
    0x0800063c   0x0800063c   0x0000004a   Code   RO         5477    i.EEPROM_I2C_SendByte  eeprom.o
    0x08000686   0x08000686   0x00000002   PAD
    0x08000688   0x08000688   0x00000018   Code   RO         5478    i.EEPROM_I2C_SetSCL  eeprom.o
    0x080006a0   0x080006a0   0x00000018   Code   RO         5479    i.EEPROM_I2C_SetSDA  eeprom.o
    0x080006b8   0x080006b8   0x00000020   Code   RO         5480    i.EEPROM_I2C_SetSDA_Input  eeprom.o
    0x080006d8   0x080006d8   0x00000024   Code   RO         5481    i.EEPROM_I2C_SetSDA_Output  eeprom.o
    0x080006fc   0x080006fc   0x0000002e   Code   RO         5482    i.EEPROM_I2C_Start  eeprom.o
    0x0800072a   0x0800072a   0x00000028   Code   RO         5483    i.EEPROM_I2C_Stop   eeprom.o
    0x08000752   0x08000752   0x00000030   Code   RO         5484    i.EEPROM_I2C_WaitAck  eeprom.o
    0x08000782   0x08000782   0x00000002   PAD
    0x08000784   0x08000784   0x00000040   Code   RO         5485    i.EEPROM_Init       eeprom.o
    0x080007c4   0x080007c4   0x0000007c   Code   RO         5486    i.EEPROM_ReadBuffer  eeprom.o
    0x08000840   0x08000840   0x00000044   Code   RO         5488    i.EEPROM_WriteBuffer  eeprom.o
    0x08000884   0x08000884   0x00000066   Code   RO         5490    i.EEPROM_WritePage  eeprom.o
    0x080008ea   0x080008ea   0x00000006   Code   RO          756    i.EXTI0_IRQHandler  stm32f1xx_it.o
    0x080008f0   0x080008f0   0x00000006   Code   RO          757    i.EXTI1_IRQHandler  stm32f1xx_it.o
    0x080008f6   0x080008f6   0x00000006   Code   RO          758    i.EXTI2_IRQHandler  stm32f1xx_it.o
    0x080008fc   0x080008fc   0x00000006   Code   RO          759    i.EXTI3_IRQHandler  stm32f1xx_it.o
    0x08000902   0x08000902   0x00000004   Code   RO          440    i.Error_Handler     main.o
    0x08000906   0x08000906   0x00000002   PAD
    0x08000908   0x08000908   0x00000024   Code   RO         1936    i.HAL_Delay         stm32f1xx_hal.o
    0x0800092c   0x0800092c   0x00000030   Code   RO          760    i.HAL_GPIO_EXTI_Callback  stm32f1xx_it.o
    0x0800095c   0x0800095c   0x00000018   Code   RO         2245    i.HAL_GPIO_EXTI_IRQHandler  stm32f1xx_hal_gpio.o
    0x08000974   0x08000974   0x000001f8   Code   RO         2246    i.HAL_GPIO_Init     stm32f1xx_hal_gpio.o
    0x08000b6c   0x08000b6c   0x0000000a   Code   RO         2248    i.HAL_GPIO_ReadPin  stm32f1xx_hal_gpio.o
    0x08000b76   0x08000b76   0x0000000a   Code   RO         2250    i.HAL_GPIO_WritePin  stm32f1xx_hal_gpio.o
    0x08000b80   0x08000b80   0x0000000c   Code   RO         1940    i.HAL_GetTick       stm32f1xx_hal.o
    0x08000b8c   0x08000b8c   0x00000010   Code   RO         1946    i.HAL_IncTick       stm32f1xx_hal.o
    0x08000b9c   0x08000b9c   0x00000024   Code   RO         1947    i.HAL_Init          stm32f1xx_hal.o
    0x08000bc0   0x08000bc0   0x0000008c   Code   RO          881    i.HAL_InitTick      stm32f1xx_hal_timebase_tim.o
    0x08000c4c   0x08000c4c   0x00000058   Code   RO          857    i.HAL_MspInit       stm32f1xx_hal_msp.o
    0x08000ca4   0x08000ca4   0x0000001a   Code   RO         2406    i.HAL_NVIC_EnableIRQ  stm32f1xx_hal_cortex.o
    0x08000cbe   0x08000cbe   0x00000002   PAD
    0x08000cc0   0x08000cc0   0x00000040   Code   RO         2412    i.HAL_NVIC_SetPriority  stm32f1xx_hal_cortex.o
    0x08000d00   0x08000d00   0x00000024   Code   RO         2413    i.HAL_NVIC_SetPriorityGrouping  stm32f1xx_hal_cortex.o
    0x08000d24   0x08000d24   0x0000000c   Code   RO         2528    i.HAL_PWR_EnableBkUpAccess  stm32f1xx_hal_pwr.o
    0x08000d30   0x08000d30   0x000000b8   Code   RO         2207    i.HAL_RCCEx_GetPeriphCLKFreq  stm32f1xx_hal_rcc_ex.o
    0x08000de8   0x08000de8   0x000000ec   Code   RO         2208    i.HAL_RCCEx_PeriphCLKConfig  stm32f1xx_hal_rcc_ex.o
    0x08000ed4   0x08000ed4   0x0000012c   Code   RO         2104    i.HAL_RCC_ClockConfig  stm32f1xx_hal_rcc.o
    0x08001000   0x08001000   0x00000040   Code   RO         2108    i.HAL_RCC_GetClockConfig  stm32f1xx_hal_rcc.o
    0x08001040   0x08001040   0x00000020   Code   RO         2111    i.HAL_RCC_GetPCLK1Freq  stm32f1xx_hal_rcc.o
    0x08001060   0x08001060   0x00000020   Code   RO         2112    i.HAL_RCC_GetPCLK2Freq  stm32f1xx_hal_rcc.o
    0x08001080   0x08001080   0x0000004c   Code   RO         2113    i.HAL_RCC_GetSysClockFreq  stm32f1xx_hal_rcc.o
    0x080010cc   0x080010cc   0x00000320   Code   RO         2116    i.HAL_RCC_OscConfig  stm32f1xx_hal_rcc.o
    0x080013ec   0x080013ec   0x0000004e   Code   RO         2911    i.HAL_RTC_GetDate   stm32f1xx_hal_rtc.o
    0x0800143a   0x0800143a   0x000000d8   Code   RO         2913    i.HAL_RTC_GetTime   stm32f1xx_hal_rtc.o
    0x08001512   0x08001512   0x00000002   PAD
    0x08001514   0x08001514   0x00000094   Code   RO         2914    i.HAL_RTC_Init      stm32f1xx_hal_rtc.o
    0x080015a8   0x080015a8   0x00000034   Code   RO          671    i.HAL_RTC_MspInit   rtc.o
    0x080015dc   0x080015dc   0x0000003a   Code   RO         2922    i.HAL_RTC_WaitForSynchro  stm32f1xx_hal_rtc.o
    0x08001616   0x08001616   0x00000002   Code   RO         1662    i.HAL_TIMEx_BreakCallback  stm32f1xx_hal_tim_ex.o
    0x08001618   0x08001618   0x00000002   Code   RO         1663    i.HAL_TIMEx_CommutCallback  stm32f1xx_hal_tim_ex.o
    0x0800161a   0x0800161a   0x0000005a   Code   RO          958    i.HAL_TIM_Base_Init  stm32f1xx_hal_tim.o
    0x08001674   0x08001674   0x00000002   Code   RO          960    i.HAL_TIM_Base_MspInit  stm32f1xx_hal_tim.o
    0x08001676   0x08001676   0x00000002   PAD
    0x08001678   0x08001678   0x0000006c   Code   RO          963    i.HAL_TIM_Base_Start_IT  stm32f1xx_hal_tim.o
    0x080016e4   0x080016e4   0x00000002   Code   RO          992    i.HAL_TIM_IC_CaptureCallback  stm32f1xx_hal_tim.o
    0x080016e6   0x080016e6   0x00000130   Code   RO         1006    i.HAL_TIM_IRQHandler  stm32f1xx_hal_tim.o
    0x08001816   0x08001816   0x00000002   Code   RO         1009    i.HAL_TIM_OC_DelayElapsedCallback  stm32f1xx_hal_tim.o
    0x08001818   0x08001818   0x00000002   Code   RO         1036    i.HAL_TIM_PWM_PulseFinishedCallback  stm32f1xx_hal_tim.o
    0x0800181a   0x0800181a   0x00000002   PAD
    0x0800181c   0x0800181c   0x00000014   Code   RO          441    i.HAL_TIM_PeriodElapsedCallback  main.o
    0x08001830   0x08001830   0x00000002   Code   RO         1049    i.HAL_TIM_TriggerCallback  stm32f1xx_hal_tim.o
    0x08001832   0x08001832   0x00000064   Code   RO         3208    i.HAL_UART_Init     stm32f1xx_hal_uart.o
    0x08001896   0x08001896   0x00000002   PAD
    0x08001898   0x08001898   0x00000070   Code   RO          713    i.HAL_UART_MspInit  usart.o
    0x08001908   0x08001908   0x00000002   Code   RO          761    i.HardFault_Handler  stm32f1xx_it.o
    0x0800190a   0x0800190a   0x00000002   PAD
    0x0800190c   0x0800190c   0x00000164   Code   RO          526    i.InitialTask       freertos.o
    0x08001a70   0x08001a70   0x00000100   Code   RO           14    i.LCD_ShowAdminMode  tft_lcd.o
    0x08001b70   0x08001b70   0x0000003e   Code   RO           15    i.LCD_ShowCenteredText  tft_lcd.o
    0x08001bae   0x08001bae   0x00000002   PAD
    0x08001bb0   0x08001bb0   0x0000003c   Code   RO           16    i.LCD_ShowChange    tft_lcd.o
    0x08001bec   0x08001bec   0x00000020   Code   RO           17    i.LCD_ShowHeader    tft_lcd.o
    0x08001c0c   0x08001c0c   0x00000098   Code   RO           18    i.LCD_ShowMainInterface  tft_lcd.o
    0x08001ca4   0x08001ca4   0x0000003c   Code   RO           19    i.LCD_ShowPasswordChangeResult  tft_lcd.o
    0x08001ce0   0x08001ce0   0x000000b0   Code   RO           20    i.LCD_ShowPasswordError  tft_lcd.o
    0x08001d90   0x08001d90   0x0000008c   Code   RO           21    i.LCD_ShowPasswordInput  tft_lcd.o
    0x08001e1c   0x08001e1c   0x0000008c   Code   RO           22    i.LCD_ShowPasswordmanage  tft_lcd.o
    0x08001ea8   0x08001ea8   0x00000098   Code   RO           24    i.LCD_ShowSystemLocked  tft_lcd.o
    0x08001f40   0x08001f40   0x0000001c   Code   RO           25    i.LCD_ShowTime      tft_lcd.o
    0x08001f5c   0x08001f5c   0x00000030   Code   RO           27    i.LCD_ShowTimeout   tft_lcd.o
    0x08001f8c   0x08001f8c   0x0000009c   Code   RO           28    i.LCD_ShowUnlockSuccess  tft_lcd.o
    0x08002028   0x08002028   0x00000090   Code   RO           30    i.LCD_start         tft_lcd.o
    0x080020b8   0x080020b8   0x00000036   Code   RO         5341    i.LED_Blink         task_alarm.o
    0x080020ee   0x080020ee   0x00000002   PAD
    0x080020f0   0x080020f0   0x00000010   Code   RO         5342    i.LED_OFF           task_alarm.o
    0x08002100   0x08002100   0x00000028   Code   RO         5343    i.LED_ON            task_alarm.o
    0x08002128   0x08002128   0x00000094   Code   RO          527    i.MX_FREERTOS_Init  freertos.o
    0x080021bc   0x080021bc   0x000001f0   Code   RO          496    i.MX_GPIO_Init      gpio.o
    0x080023ac   0x080023ac   0x00000030   Code   RO          672    i.MX_RTC_Init       rtc.o
    0x080023dc   0x080023dc   0x00000038   Code   RO          714    i.MX_USART1_UART_Init  usart.o
    0x08002414   0x08002414   0x00000124   Code   RO          528    i.ManageTask        freertos.o
    0x08002538   0x08002538   0x00000002   Code   RO          762    i.MemManage_Handler  stm32f1xx_it.o
    0x0800253a   0x0800253a   0x00000002   Code   RO          763    i.NMI_Handler       stm32f1xx_it.o
    0x0800253c   0x0800253c   0x00000130   Code   RO          529    i.OpenkeyTask       freertos.o
    0x0800266c   0x0800266c   0x00000002   Code   RO          764    i.RCC_IRQHandler    stm32f1xx_it.o
    0x0800266e   0x0800266e   0x00000016   Code   RO         2924    i.RTC_ByteToBcd2    stm32f1xx_hal_rtc.o
    0x08002684   0x08002684   0x000000ae   Code   RO         2925    i.RTC_DateUpdate    stm32f1xx_hal_rtc.o
    0x08002732   0x08002732   0x00000034   Code   RO         2926    i.RTC_EnterInitMode  stm32f1xx_hal_rtc.o
    0x08002766   0x08002766   0x00000002   PAD
    0x08002768   0x08002768   0x00000036   Code   RO         2927    i.RTC_ExitInitMode  stm32f1xx_hal_rtc.o
    0x0800279e   0x0800279e   0x0000000e   Code   RO         2928    i.RTC_ReadAlarmCounter  stm32f1xx_hal_rtc.o
    0x080027ac   0x080027ac   0x00000020   Code   RO         2929    i.RTC_ReadTimeCounter  stm32f1xx_hal_rtc.o
    0x080027cc   0x080027cc   0x00000056   Code   RO         2930    i.RTC_WeekDayNum    stm32f1xx_hal_rtc.o
    0x08002822   0x08002822   0x00000028   Code   RO         2931    i.RTC_WriteAlarmCounter  stm32f1xx_hal_rtc.o
    0x0800284a   0x0800284a   0x00000028   Code   RO         2932    i.RTC_WriteTimeCounter  stm32f1xx_hal_rtc.o
    0x08002872   0x08002872   0x00000002   PAD
    0x08002874   0x08002874   0x000001f0   Code   RO          530    i.ShowTask          freertos.o
    0x08002a64   0x08002a64   0x000000b4   Code   RO          531    i.SleepTask         freertos.o
    0x08002b18   0x08002b18   0x0000000c   Code   RO          532    i.StartDefaultTask  freertos.o
    0x08002b24   0x08002b24   0x0000001a   Code   RO         4689    i.SysTick_Handler   cmsis_os2.o
    0x08002b3e   0x08002b3e   0x00000080   Code   RO          442    i.SystemClock_Config  main.o
    0x08002bbe   0x08002bbe   0x00000002   Code   RO         3542    i.SystemInit        system_stm32f1xx.o
    0x08002bc0   0x08002bc0   0x00000030   Code   RO           33    i.TFT_Clear         tft_lcd.o
    0x08002bf0   0x08002bf0   0x000000b2   Code   RO           34    i.TFT_Draw_Line     tft_lcd.o
    0x08002ca2   0x08002ca2   0x00000024   Code   RO           35    i.TFT_Draw_Pixel    tft_lcd.o
    0x08002cc6   0x08002cc6   0x00000058   Code   RO           37    i.TFT_Init          tft_lcd.o
    0x08002d1e   0x08002d1e   0x00000002   PAD
    0x08002d20   0x08002d20   0x000000e4   Code   RO           38    i.TFT_Read_Data     tft_lcd.o
    0x08002e04   0x08002e04   0x00000024   Code   RO           39    i.TFT_Read_ID       tft_lcd.o
    0x08002e28   0x08002e28   0x0000002c   Code   RO           40    i.TFT_Reset         tft_lcd.o
    0x08002e54   0x08002e54   0x00000038   Code   RO           41    i.TFT_Set_Direction  tft_lcd.o
    0x08002e8c   0x08002e8c   0x00000052   Code   RO           42    i.TFT_Set_Window    tft_lcd.o
    0x08002ede   0x08002ede   0x00000002   PAD
    0x08002ee0   0x08002ee0   0x000000ac   Code   RO           43    i.TFT_Show_Char     tft_lcd.o
    0x08002f8c   0x08002f8c   0x00000048   Code   RO           44    i.TFT_Show_Str      tft_lcd.o
    0x08002fd4   0x08002fd4   0x000000b0   Code   RO           45    i.TFT_Write_Cmd     tft_lcd.o
    0x08003084   0x08003084   0x000000b0   Code   RO           46    i.TFT_Write_Data    tft_lcd.o
    0x08003134   0x08003134   0x00000120   Code   RO           47    i.TFT_Write_Data16  tft_lcd.o
    0x08003254   0x08003254   0x0000000c   Code   RO          765    i.TIM8_UP_IRQHandler  stm32f1xx_it.o
    0x08003260   0x08003260   0x0000009c   Code   RO         1051    i.TIM_Base_SetConfig  stm32f1xx_hal_tim.o
    0x080032fc   0x080032fc   0x0000007c   Code   RO          533    i.TimeTask          freertos.o
    0x08003378   0x08003378   0x00000018   Code   RO         4690    i.TimerCallback     cmsis_os2.o
    0x08003390   0x08003390   0x000000b8   Code   RO         3234    i.UART_SetConfig    stm32f1xx_hal_uart.o
    0x08003448   0x08003448   0x00000002   Code   RO          766    i.UsageFault_Handler  stm32f1xx_it.o
    0x0800344a   0x0800344a   0x00000002   PAD
    0x0800344c   0x0800344c   0x000000a4   Code   RO          534    i.WarnLocktask      freertos.o
    0x080034f0   0x080034f0   0x00000034   Code   RO         5771    i.__0snprintf$6     mc_w.l(printf6.o)
    0x08003524   0x08003524   0x00000020   Code   RO         2419    i.__NVIC_SetPriority  stm32f1xx_hal_cortex.o
    0x08003544   0x08003544   0x0000000e   Code   RO         5930    i.__scatterload_copy  mc_w.l(handlers.o)
    0x08003552   0x08003552   0x00000002   Code   RO         5931    i.__scatterload_null  mc_w.l(handlers.o)
    0x08003554   0x08003554   0x0000000e   Code   RO         5932    i.__scatterload_zeroinit  mc_w.l(handlers.o)
    0x08003562   0x08003562   0x00000002   PAD
    0x08003564   0x08003564   0x000002f0   Code   RO         5777    i._printf_core      mc_w.l(printf6.o)
    0x08003854   0x08003854   0x00000024   Code   RO         5778    i._printf_post_padding  mc_w.l(printf6.o)
    0x08003878   0x08003878   0x0000002e   Code   RO         5779    i._printf_pre_padding  mc_w.l(printf6.o)
    0x080038a6   0x080038a6   0x00000016   Code   RO         5780    i._snputc           mc_w.l(printf6.o)
    0x080038bc   0x080038bc   0x00000010   Code   RO          535    i.alarmback01       freertos.o
    0x080038cc   0x080038cc   0x00000198   Code   RO          387    i.key1_scan         me.o
    0x08003a64   0x08003a64   0x00000008   Code   RO          536    i.key_scantask      freertos.o
    0x08003a6c   0x08003a6c   0x00000022   Code   RO          444    i.main              main.o
    0x08003a8e   0x08003a8e   0x0000001a   Code   RO         4691    i.osDelay           cmsis_os2.o
    0x08003aa8   0x08003aa8   0x0000000e   Code   RO         4703    i.osKernelGetTickCount  cmsis_os2.o
    0x08003ab6   0x08003ab6   0x00000002   PAD
    0x08003ab8   0x08003ab8   0x00000024   Code   RO         4705    i.osKernelInitialize  cmsis_os2.o
    0x08003adc   0x08003adc   0x00000038   Code   RO         4708    i.osKernelStart     cmsis_os2.o
    0x08003b14   0x08003b14   0x00000064   Code   RO         4720    i.osMessageQueueGet  cmsis_os2.o
    0x08003b78   0x08003b78   0x00000058   Code   RO         4725    i.osMessageQueueNew  cmsis_os2.o
    0x08003bd0   0x08003bd0   0x00000068   Code   RO         4726    i.osMessageQueuePut  cmsis_os2.o
    0x08003c38   0x08003c38   0x00000052   Code   RO         4728    i.osMutexAcquire    cmsis_os2.o
    0x08003c8a   0x08003c8a   0x00000042   Code   RO         4732    i.osMutexRelease    cmsis_os2.o
    0x08003ccc   0x08003ccc   0x0000008a   Code   RO         4750    i.osThreadNew       cmsis_os2.o
    0x08003d56   0x08003d56   0x00000002   PAD
    0x08003d58   0x08003d58   0x00000078   Code   RO         4759    i.osTimerNew        cmsis_os2.o
    0x08003dd0   0x08003dd0   0x00000032   Code   RO         4760    i.osTimerStart      cmsis_os2.o
    0x08003e02   0x08003e02   0x00000002   PAD
    0x08003e04   0x08003e04   0x0000005c   Code   RO         4150    i.prvAddCurrentTaskToDelayedList  tasks.o
    0x08003e60   0x08003e60   0x000000d0   Code   RO         4151    i.prvAddNewTaskToReadyList  tasks.o
    0x08003f30   0x08003f30   0x00000058   Code   RO         4515    i.prvCheckForValidListAndQueue  timers.o
    0x08003f88   0x08003f88   0x00000026   Code   RO         3747    i.prvCopyDataFromQueue  queue.o
    0x08003fae   0x08003fae   0x0000006c   Code   RO         3748    i.prvCopyDataToQueue  queue.o
    0x0800401a   0x0800401a   0x00000034   Code   RO         4152    i.prvDeleteTCB      tasks.o
    0x0800404e   0x0800404e   0x00000002   PAD
    0x08004050   0x08004050   0x0000004c   Code   RO         5202    i.prvHeapInit       heap_4.o
    0x0800409c   0x0800409c   0x00000060   Code   RO         4153    i.prvIdleTask       tasks.o
    0x080040fc   0x080040fc   0x00000022   Code   RO         3750    i.prvInitialiseNewQueue  queue.o
    0x0800411e   0x0800411e   0x00000002   PAD
    0x08004120   0x08004120   0x000000b0   Code   RO         4154    i.prvInitialiseNewTask  tasks.o
    0x080041d0   0x080041d0   0x0000004e   Code   RO         4516    i.prvInitialiseNewTimer  timers.o
    0x0800421e   0x0800421e   0x00000002   PAD
    0x08004220   0x08004220   0x0000004c   Code   RO         5203    i.prvInsertBlockIntoFreeList  heap_4.o
    0x0800426c   0x0800426c   0x00000038   Code   RO         4517    i.prvInsertTimerInActiveList  timers.o
    0x080042a4   0x080042a4   0x0000001c   Code   RO         3751    i.prvIsQueueEmpty   queue.o
    0x080042c0   0x080042c0   0x000000fc   Code   RO         4518    i.prvProcessReceivedCommands  timers.o
    0x080043bc   0x080043bc   0x000000c0   Code   RO         4519    i.prvProcessTimerOrBlockTask  timers.o
    0x0800447c   0x0800447c   0x00000020   Code   RO         4156    i.prvResetNextTaskUnblockTime  tasks.o
    0x0800449c   0x0800449c   0x00000028   Code   RO         4520    i.prvSampleTimeNow  timers.o
    0x080044c4   0x080044c4   0x0000006c   Code   RO         4521    i.prvSwitchTimerLists  timers.o
    0x08004530   0x08004530   0x00000028   Code   RO         5258    i.prvTaskExitError  port.o
    0x08004558   0x08004558   0x00000024   Code   RO         4522    i.prvTimerTask      timers.o
    0x0800457c   0x0800457c   0x0000006a   Code   RO         3752    i.prvUnlockQueue    queue.o
    0x080045e6   0x080045e6   0x00000002   PAD
    0x080045e8   0x080045e8   0x000000dc   Code   RO         5204    i.pvPortMalloc      heap_4.o
    0x080046c4   0x080046c4   0x00000018   Code   RO         4159    i.pvTaskIncrementMutexHeldCount  tasks.o
    0x080046dc   0x080046dc   0x00000024   Code   RO         4523    i.pvTimerGetTimerID  timers.o
    0x08004700   0x08004700   0x00000024   Code   RO         5259    i.pxPortInitialiseStack  port.o
    0x08004724   0x08004724   0x00000018   Code   RO          537    i.sleepCallback02   freertos.o
    0x0800473c   0x0800473c   0x00000026   Code   RO         3707    i.uxListRemove      list.o
    0x08004762   0x08004762   0x00000002   PAD
    0x08004764   0x08004764   0x00000014   Code   RO         4762    i.vApplicationGetIdleTaskMemory  cmsis_os2.o
    0x08004778   0x08004778   0x00000018   Code   RO         4763    i.vApplicationGetTimerTaskMemory  cmsis_os2.o
    0x08004790   0x08004790   0x00000016   Code   RO         3708    i.vListInitialise   list.o
    0x080047a6   0x080047a6   0x00000006   Code   RO         3709    i.vListInitialiseItem  list.o
    0x080047ac   0x080047ac   0x00000030   Code   RO         3710    i.vListInsert       list.o
    0x080047dc   0x080047dc   0x00000018   Code   RO         3711    i.vListInsertEnd    list.o
    0x080047f4   0x080047f4   0x00000040   Code   RO         5261    i.vPortEnterCritical  port.o
    0x08004834   0x08004834   0x00000028   Code   RO         5262    i.vPortExitCritical  port.o
    0x0800485c   0x0800485c   0x00000064   Code   RO         5205    i.vPortFree         heap_4.o
    0x080048c0   0x080048c0   0x00000024   Code   RO         5263    i.vPortSetupTimerInterrupt  port.o
    0x080048e4   0x080048e4   0x00000054   Code   RO         5264    i.vPortValidateInterruptPriority  port.o
    0x08004938   0x08004938   0x00000028   Code   RO         3758    i.vQueueAddToRegistry  queue.o
    0x08004960   0x08004960   0x00000044   Code   RO         3762    i.vQueueWaitForMessageRestricted  queue.o
    0x080049a4   0x080049a4   0x0000004c   Code   RO         4169    i.vTaskDelay        tasks.o
    0x080049f0   0x080049f0   0x00000090   Code   RO         4171    i.vTaskDelete       tasks.o
    0x08004a80   0x08004a80   0x00000010   Code   RO         4174    i.vTaskInternalSetTimeOutState  tasks.o
    0x08004a90   0x08004a90   0x0000000c   Code   RO         4175    i.vTaskMissedYield  tasks.o
    0x08004a9c   0x08004a9c   0x00000030   Code   RO         4177    i.vTaskPlaceOnEventList  tasks.o
    0x08004acc   0x08004acc   0x00000038   Code   RO         4178    i.vTaskPlaceOnEventListRestricted  tasks.o
    0x08004b04   0x08004b04   0x00000090   Code   RO         4180    i.vTaskPriorityDisinheritAfterTimeout  tasks.o
    0x08004b94   0x08004b94   0x00000088   Code   RO         4186    i.vTaskStartScheduler  tasks.o
    0x08004c1c   0x08004c1c   0x00000010   Code   RO         4188    i.vTaskSuspendAll   tasks.o
    0x08004c2c   0x08004c2c   0x00000064   Code   RO         4189    i.vTaskSwitchContext  tasks.o
    0x08004c90   0x08004c90   0x000000a8   Code   RO         5265    i.xPortStartScheduler  port.o
    0x08004d38   0x08004d38   0x0000002c   Code   RO         5266    i.xPortSysTickHandler  port.o
    0x08004d64   0x08004d64   0x00000042   Code   RO         3767    i.xQueueGenericCreate  queue.o
    0x08004da6   0x08004da6   0x00000066   Code   RO         3768    i.xQueueGenericCreateStatic  queue.o
    0x08004e0c   0x08004e0c   0x00000088   Code   RO         3769    i.xQueueGenericReset  queue.o
    0x08004e94   0x08004e94   0x00000160   Code   RO         3770    i.xQueueGenericSend  queue.o
    0x08004ff4   0x08004ff4   0x000000be   Code   RO         3771    i.xQueueGenericSendFromISR  queue.o
    0x080050b2   0x080050b2   0x0000003e   Code   RO         3775    i.xQueueGiveMutexRecursive  queue.o
    0x080050f0   0x080050f0   0x00000138   Code   RO         3780    i.xQueueReceive     queue.o
    0x08005228   0x08005228   0x0000009a   Code   RO         3781    i.xQueueReceiveFromISR  queue.o
    0x080052c2   0x080052c2   0x00000002   PAD
    0x080052c4   0x080052c4   0x00000178   Code   RO         3782    i.xQueueSemaphoreTake  queue.o
    0x0800543c   0x0800543c   0x00000040   Code   RO         3783    i.xQueueTakeMutexRecursive  queue.o
    0x0800547c   0x0800547c   0x00000074   Code   RO         4191    i.xTaskCheckForTimeOut  tasks.o
    0x080054f0   0x080054f0   0x0000005a   Code   RO         4192    i.xTaskCreate       tasks.o
    0x0800554a   0x0800554a   0x00000056   Code   RO         4193    i.xTaskCreateStatic  tasks.o
    0x080055a0   0x080055a0   0x0000000c   Code   RO         4196    i.xTaskGetCurrentTaskHandle  tasks.o
    0x080055ac   0x080055ac   0x0000001c   Code   RO         4197    i.xTaskGetSchedulerState  tasks.o
    0x080055c8   0x080055c8   0x0000000c   Code   RO         4198    i.xTaskGetTickCount  tasks.o
    0x080055d4   0x080055d4   0x00000010   Code   RO         4199    i.xTaskGetTickCountFromISR  tasks.o
    0x080055e4   0x080055e4   0x000000c8   Code   RO         4200    i.xTaskIncrementTick  tasks.o
    0x080056ac   0x080056ac   0x00000080   Code   RO         4203    i.xTaskPriorityDisinherit  tasks.o
    0x0800572c   0x0800572c   0x00000078   Code   RO         4204    i.xTaskPriorityInherit  tasks.o
    0x080057a4   0x080057a4   0x00000070   Code   RO         4205    i.xTaskRemoveFromEventList  tasks.o
    0x08005814   0x08005814   0x000000c4   Code   RO         4206    i.xTaskResumeAll    tasks.o
    0x080058d8   0x080058d8   0x00000034   Code   RO         4529    i.xTimerCreate      timers.o
    0x0800590c   0x0800590c   0x0000002e   Code   RO         4530    i.xTimerCreateStatic  timers.o
    0x0800593a   0x0800593a   0x00000002   PAD
    0x0800593c   0x0800593c   0x00000060   Code   RO         4531    i.xTimerCreateTimerTask  timers.o
    0x0800599c   0x0800599c   0x00000068   Code   RO         4532    i.xTimerGenericCommand  timers.o
    0x08005a04   0x08005a04   0x000002f8   Data   RO           48    .constdata          tft_lcd.o
    0x08005cfc   0x08005cfc   0x00000010   Data   RO          388    .constdata          me.o
    0x08005d0c   0x08005d0c   0x000001c4   Data   RO          540    .constdata          freertos.o
    0x08005ed0   0x08005ed0   0x00000012   Data   RO         2117    .constdata          stm32f1xx_hal_rcc.o
    0x08005ee2   0x08005ee2   0x00000012   Data   RO         2209    .constdata          stm32f1xx_hal_rcc_ex.o
    0x08005ef4   0x08005ef4   0x00000010   Data   RO         3543    .constdata          system_stm32f1xx.o
    0x08005f04   0x08005f04   0x00000008   Data   RO         3544    .constdata          system_stm32f1xx.o
    0x08005f0c   0x08005f0c   0x00000090   Data   RO          541    .conststring        freertos.o
    0x08005f9c   0x08005f9c   0x00000020   Data   RO         5928    Region$$Table       anon$$obj.o


    Execution Region RW_IRAM1 (Exec base: 0x20000000, Load base: 0x08005fbc, Size: 0x00009298, Max: 0x00010000, ABSOLUTE)

    Exec Addr    Load Addr    Size         Type   Attr      Idx    E Section Name        Object

    0x20000000   0x08005fbc   0x00000001   Data   RW           50    .data               tft_lcd.o
    0x20000001   0x08005fbd   0x00000003   PAD
    0x20000004   0x08005fc0   0x00000048   Data   RW          542    .data               freertos.o
    0x2000004c   0x08006008   0x00000008   Data   RW          767    .data               stm32f1xx_it.o
    0x20000054   0x08006010   0x0000000c   Data   RW         1954    .data               stm32f1xx_hal.o
    0x20000060   0x0800601c   0x00000004   Data   RW         3545    .data               system_stm32f1xx.o
    0x20000064   0x08006020   0x0000003c   Data   RW         4209    .data               tasks.o
    0x200000a0   0x0800605c   0x00000014   Data   RW         4540    .data               timers.o
    0x200000b4   0x08006070   0x00000004   Data   RW         4765    .data               cmsis_os2.o
    0x200000b8   0x08006074   0x00000020   Data   RW         5211    .data               heap_4.o
    0x200000d8   0x08006094   0x0000000c   Data   RW         5267    .data               port.o
    0x200000e4   0x080060a0   0x00000001   Data   RW         5409    .data               app_global.o
    0x200000e5   0x080060a1   0x00000001   Data   RW         5410    .data               app_global.o
    0x200000e6   0x080060a2   0x00000001   Data   RW         5411    .data               app_global.o
    0x200000e7   0x080060a3   0x00000001   Data   RW         5412    .data               app_global.o
    0x200000e8   0x080060a4   0x00000001   Data   RW         5413    .data               app_global.o
    0x200000e9   0x080060a5   0x00000003   PAD
    0x200000ec   0x080060a8   0x00000004   Data   RW         5414    .data               app_global.o
    0x200000f0   0x080060ac   0x00000007   Data   RW         5415    .data               app_global.o
    0x200000f7   0x080060b3   0x00000001   Data   RW         5416    .data               app_global.o
    0x200000f8   0x080060b4   0x00000001   Data   RW         5417    .data               app_global.o
    0x200000f9   0x080060b5   0x00000003   Data   RW         5418    .data               app_global.o
    0x200000fc   0x080060b8   0x00000004   Data   RW         5419    .data               app_global.o
    0x20000100   0x080060bc   0x00000001   Data   RW         5420    .data               app_global.o
    0x20000101   0x080060bd   0x00000001   Data   RW         5421    .data               app_global.o
    0x20000102   0x080060be   0x00000002   PAD
    0x20000104   0x080060c0   0x00000004   Data   RW         5425    .data               app_global.o
    0x20000108   0x080060c4   0x00000007   Data   RW         5441    .data               app_global.o
    0x2000010f   0x080060cb   0x00000001   PAD
    0x20000110        -       0x00000010   Zero   RW          538    .bss                freertos.o
    0x20000120        -       0x00000014   Zero   RW          673    .bss                rtc.o
    0x20000134        -       0x00000048   Zero   RW          715    .bss                usart.o
    0x2000017c        -       0x00000048   Zero   RW          884    .bss                stm32f1xx_hal_timebase_tim.o
    0x200001c4        -       0x00000040   Zero   RW         3784    .bss                queue.o
    0x20000204        -       0x000004c4   Zero   RW         4208    .bss                tasks.o
    0x200006c8        -       0x00000118   Zero   RW         4539    .bss                timers.o
    0x200007e0        -       0x000006b8   Zero   RW         4764    .bss                cmsis_os2.o
    0x20000e98        -       0x00008000   Zero   RW         5210    .bss                heap_4.o
    0x20008e98        -       0x00000400   Zero   RW            1    STACK               startup_stm32f103xe.o


==============================================================================

Image component sizes


      Code (inc. data)   RO Data    RW Data    ZI Data      Debug   Object Name

         0          0          0         38          0       3917   app_global.o
       974         34          0          4       1720      65996   cmsis_os2.o
       874         28          0          0          0       9275   eeprom.o
         0          0          0          0          0      21896   event_groups.o
      2208        314        596         72         16      15542   freertos.o
       496         32          0          0          0       1099   gpio.o
       472         24          0         32      32768       4555   heap_4.o
       138          0          0          0          0       3186   list.o
       186          6          0          0          0       2384   main.o
       408         28         16          0          0       1906   me.o
       662         70          0         12          0      10333   port.o
      2236         24          0          0         64      22337   queue.o
       100         22          0          0         20       1407   rtc.o
        36          8        304          0       1024        768   startup_stm32f103xe.o
       100         18          0         12          0       5618   stm32f1xx_hal.o
       158         14          0          0          0      28010   stm32f1xx_hal_cortex.o
       548         48          0          0          0       3950   stm32f1xx_hal_gpio.o
        88         10          0          0          0        814   stm32f1xx_hal_msp.o
        12          4          0          0          0        479   stm32f1xx_hal_pwr.o
      1304         94         18          0          0       5501   stm32f1xx_hal_rcc.o
       420         30         18          0          0       2417   stm32f1xx_hal_rcc_ex.o
      1014          4          0          0          0       9824   stm32f1xx_hal_rtc.o
       668         42          0          0          0       6864   stm32f1xx_hal_tim.o
         4          0          0          0          0       1477   stm32f1xx_hal_tim_ex.o
       140         22          0          0         72       1323   stm32f1xx_hal_timebase_tim.o
       284          6          0          0          0       1828   stm32f1xx_hal_uart.o
        98         20          0          8          0       5501   stm32f1xx_it.o
         0          0          0          0          0        384   stream_buffer.o
         2          0         24          4          0       1011   system_stm32f1xx.o
       210         26          0          0          0       3677   task_alarm.o
      2544        216          0         60       1220      29550   tasks.o
      3286        690        760          1          0     523198   tft_lcd.o
      1184         80          0         20        280      35063   timers.o
       168         20          0          0         72       1546   usart.o

    ----------------------------------------------------------------------
     21076       1934       1768        272      37256     832636   Object Totals
         0          0         32          0          0          0   (incl. Generated)
        54          0          0          9          0          0   (incl. Padding)

    ----------------------------------------------------------------------

      Code (inc. data)   RO Data    RW Data    ZI Data      Debug   Library Member Name

         0          0          0          0          0          0   entry.o
         0          0          0          0          0          0   entry10a.o
         0          0          0          0          0          0   entry11a.o
         4          0          0          0          0          0   entry12b.o
         8          4          0          0          0          0   entry2.o
         4          0          0          0          0          0   entry5.o
         0          0          0          0          0          0   entry7b.o
         0          0          0          0          0          0   entry8b.o
         8          4          0          0          0          0   entry9a.o
        30          0          0          0          0          0   handlers.o
        36          8          0          0          0         68   init.o
         0          0          0          0          0          0   iusefp.o
        36          0          0          0          0         68   memcpya.o
        36          0          0          0          0        108   memseta.o
       908          8          0          0          0        424   printf6.o
        14          0          0          0          0         68   strlen.o
        30          0          0          0          0         80   strncmp.o
        24          0          0          0          0         76   strncpy.o
        44          0          0          0          0         80   uidiv.o
       176          0          0          0          0        140   fadd.o
       124          0          0          0          0         88   fdiv.o
       110          0          0          0          0        168   fepilogue.o
        40          0          0          0          0         68   ffixui.o
        18          0          0          0          0         68   fflti.o
        10          0          0          0          0         68   ffltui.o

    ----------------------------------------------------------------------
      1664         24          0          0          0       1572   Library Totals
         4          0          0          0          0          0   (incl. Padding)

    ----------------------------------------------------------------------

      Code (inc. data)   RO Data    RW Data    ZI Data      Debug   Library Name

      1182         24          0          0          0        972   mc_w.l
       478          0          0          0          0        600   mf_w.l

    ----------------------------------------------------------------------
      1664         24          0          0          0       1572   Library Totals

    ----------------------------------------------------------------------

==============================================================================


      Code (inc. data)   RO Data    RW Data    ZI Data      Debug   

     22740       1958       1768        272      37256     821516   Grand Totals
     22740       1958       1768        272      37256     821516   ELF Image Totals
     22740       1958       1768        272          0          0   ROM Totals

==============================================================================

    Total RO  Size (Code + RO Data)                24508 (  23.93kB)
    Total RW  Size (RW Data + ZI Data)             37528 (  36.65kB)
    Total ROM Size (Code + RO Data + RW Data)      24780 (  24.20kB)

==============================================================================

